22:18:42 **** Incremental Build of configuration Debug for project CPITest ****
make -j4 all 
arm-none-eabi-gcc "../Core/Src/main.c" -mcpu=cortex-m3 -std=gnu11 -g3 -DDEBUG -DUSE_HAL_DRIVER -DSTM32F103xB -c -I../Core/Inc -I../Drivers/STM32F1xx_HAL_Driver/Inc/Legacy -I../Drivers/STM32F1xx_HAL_Driver/Inc -I../Drivers/CMSIS/Device/ST/STM32F1xx/Include -I../Drivers/CMSIS/Include -O0 -ffunction-sections -fdata-sections -Wall -fstack-usage -MMD -MP -MF"Core/Src/main.d" -MT"Core/Src/main.o" --specs=nano.specs -mfloat-abi=soft -mthumb -o "Core/Src/main.o"
arm-none-eabi-g++ -o "CPITest.elf" @"objects.list"   -mcpu=cortex-m3 -T"C:\Users\ehabm\STM32CubeIDE\workspace_1.10.1\CPITest\STM32F103C8TX_FLASH.ld" --specs=nosys.specs -Wl,-Map="CPITest.map" -Wl,--gc-sections -static --specs=nano.specs -mfloat-abi=soft -mthumb -Wl,--start-group -lc -lm -lstdc++ -lsupc++ -Wl,--end-group
Finished building target: CPITest.elf
 
arm-none-eabi-size   CPITest.elf 
arm-none-eabi-objdump -h -S  CPITest.elf  > "CPITest.list"
arm-none-eabi-objcopy  -O ihex  CPITest.elf  "CPITest.hex"
   text	   data	    bss	    dec	    hex	filename
    708	     12	   1572	   2292	    8f4	CPITest.elf
Finished building: default.size.stdout
 
Finished building: CPITest.list
Finished building: CPITest.hex
 
 

22:18:42 Build Finished. 0 errors, 0 warnings. (took 752ms)

