03:44:58 **** Build of configuration Debug for project l293d Motors ****
make -j4 all 
arm-none-eabi-gcc "../Core/Src/main.c" -mcpu=cortex-m3 -std=gnu11 -g3 -DDEBUG -DUSE_HAL_DRIVER -DSTM32F103xB -c -I../Core/Inc -I../Drivers/STM32F1xx_HAL_Driver/Inc/Legacy -I../Drivers/STM32F1xx_HAL_Driver/Inc -I../Drivers/CMSIS/Device/ST/STM32F1xx/Include -I../Drivers/CMSIS/Include -O0 -ffunction-sections -fdata-sections -Wall -fstack-usage -MMD -MP -MF"Core/Src/main.d" -MT"Core/Src/main.o" --specs=nano.specs -mfloat-abi=soft -mthumb -o "Core/Src/main.o"
arm-none-eabi-g++ -o "l293d Motors.elf" @"objects.list"   -mcpu=cortex-m3 -T"C:\Users\ehabm\STM32CubeIDE\workspace_1.10.1\l293d Motors\STM32F103C8TX_FLASH.ld" --specs=nosys.specs -Wl,-Map="l293d Motors.map" -Wl,--gc-sections -static --specs=nano.specs -mfloat-abi=soft -mthumb -Wl,--start-group -lc -lm -lstdc++ -lsupc++ -Wl,--end-group
Finished building target: l293d Motors.elf
 
arm-none-eabi-size   l293d\ Motors.elf 
arm-none-eabi-objdump -h -S  l293d\ Motors.elf  > "l293d Motors.list"
arm-none-eabi-objcopy  -O ihex  l293d\ Motors.elf  "l293d Motors.hex"
   text	   data	    bss	    dec	    hex	filename
   4640	     20	   1572	   6232	   1858	l293d Motors.elf
Finished building: default.size.stdout
 
Finished building: l293d Motors.hex
 
Finished building: l293d Motors.list
 

03:45:00 Build Finished. 0 errors, 0 warnings. (took 1s.622ms)

