Archive member included to satisfy reference by file (symbol)

c:/st/stm32cubeide_1.10.1/stm32cubeide/plugins/com.st.stm32cube.ide.mcu.externaltools.gnu-tools-for-stm32.10.3-2021.10.win32_1.0.0.202111181127/tools/bin/../lib/gcc/arm-none-eabi/10.3.1/../../../../arm-none-eabi/lib/thumb/v7-m/nofp\libc_nano.a(lib_a-errno.o)
                              ./Core/Src/syscalls.o (__errno)
c:/st/stm32cubeide_1.10.1/stm32cubeide/plugins/com.st.stm32cube.ide.mcu.externaltools.gnu-tools-for-stm32.10.3-2021.10.win32_1.0.0.202111181127/tools/bin/../lib/gcc/arm-none-eabi/10.3.1/../../../../arm-none-eabi/lib/thumb/v7-m/nofp\libc_nano.a(lib_a-exit.o)
                              c:/st/stm32cubeide_1.10.1/stm32cubeide/plugins/com.st.stm32cube.ide.mcu.externaltools.gnu-tools-for-stm32.10.3-2021.10.win32_1.0.0.202111181127/tools/bin/../lib/gcc/arm-none-eabi/10.3.1/../../../../arm-none-eabi/lib/thumb/v7-m/nofp/crt0.o (exit)
c:/st/stm32cubeide_1.10.1/stm32cubeide/plugins/com.st.stm32cube.ide.mcu.externaltools.gnu-tools-for-stm32.10.3-2021.10.win32_1.0.0.202111181127/tools/bin/../lib/gcc/arm-none-eabi/10.3.1/../../../../arm-none-eabi/lib/thumb/v7-m/nofp\libc_nano.a(lib_a-impure.o)
                              c:/st/stm32cubeide_1.10.1/stm32cubeide/plugins/com.st.stm32cube.ide.mcu.externaltools.gnu-tools-for-stm32.10.3-2021.10.win32_1.0.0.202111181127/tools/bin/../lib/gcc/arm-none-eabi/10.3.1/../../../../arm-none-eabi/lib/thumb/v7-m/nofp\libc_nano.a(lib_a-exit.o) (_global_impure_ptr)
c:/st/stm32cubeide_1.10.1/stm32cubeide/plugins/com.st.stm32cube.ide.mcu.externaltools.gnu-tools-for-stm32.10.3-2021.10.win32_1.0.0.202111181127/tools/bin/../lib/gcc/arm-none-eabi/10.3.1/../../../../arm-none-eabi/lib/thumb/v7-m/nofp\libc_nano.a(lib_a-init.o)
                              c:/st/stm32cubeide_1.10.1/stm32cubeide/plugins/com.st.stm32cube.ide.mcu.externaltools.gnu-tools-for-stm32.10.3-2021.10.win32_1.0.0.202111181127/tools/bin/../lib/gcc/arm-none-eabi/10.3.1/../../../../arm-none-eabi/lib/thumb/v7-m/nofp/crt0.o (__libc_init_array)
c:/st/stm32cubeide_1.10.1/stm32cubeide/plugins/com.st.stm32cube.ide.mcu.externaltools.gnu-tools-for-stm32.10.3-2021.10.win32_1.0.0.202111181127/tools/bin/../lib/gcc/arm-none-eabi/10.3.1/../../../../arm-none-eabi/lib/thumb/v7-m/nofp\libc_nano.a(lib_a-memset.o)
                              c:/st/stm32cubeide_1.10.1/stm32cubeide/plugins/com.st.stm32cube.ide.mcu.externaltools.gnu-tools-for-stm32.10.3-2021.10.win32_1.0.0.202111181127/tools/bin/../lib/gcc/arm-none-eabi/10.3.1/../../../../arm-none-eabi/lib/thumb/v7-m/nofp/crt0.o (memset)
c:/st/stm32cubeide_1.10.1/stm32cubeide/plugins/com.st.stm32cube.ide.mcu.externaltools.gnu-tools-for-stm32.10.3-2021.10.win32_1.0.0.202111181127/tools/bin/../lib/gcc/arm-none-eabi/10.3.1/../../../../arm-none-eabi/lib/thumb/v7-m/nofp\libc_nano.a(lib_a-sprintf.o)
                              ./Core/Src/DrowingLCD.o (sprintf)
c:/st/stm32cubeide_1.10.1/stm32cubeide/plugins/com.st.stm32cube.ide.mcu.externaltools.gnu-tools-for-stm32.10.3-2021.10.win32_1.0.0.202111181127/tools/bin/../lib/gcc/arm-none-eabi/10.3.1/../../../../arm-none-eabi/lib/thumb/v7-m/nofp\libc_nano.a(lib_a-strlen.o)
                              ./Core/Src/fonts.o (strlen)
c:/st/stm32cubeide_1.10.1/stm32cubeide/plugins/com.st.stm32cube.ide.mcu.externaltools.gnu-tools-for-stm32.10.3-2021.10.win32_1.0.0.202111181127/tools/bin/../lib/gcc/arm-none-eabi/10.3.1/../../../../arm-none-eabi/lib/thumb/v7-m/nofp\libc_nano.a(lib_a-nano-svfprintf.o)
                              c:/st/stm32cubeide_1.10.1/stm32cubeide/plugins/com.st.stm32cube.ide.mcu.externaltools.gnu-tools-for-stm32.10.3-2021.10.win32_1.0.0.202111181127/tools/bin/../lib/gcc/arm-none-eabi/10.3.1/../../../../arm-none-eabi/lib/thumb/v7-m/nofp\libc_nano.a(lib_a-sprintf.o) (_svfprintf_r)
c:/st/stm32cubeide_1.10.1/stm32cubeide/plugins/com.st.stm32cube.ide.mcu.externaltools.gnu-tools-for-stm32.10.3-2021.10.win32_1.0.0.202111181127/tools/bin/../lib/gcc/arm-none-eabi/10.3.1/../../../../arm-none-eabi/lib/thumb/v7-m/nofp\libc_nano.a(lib_a-nano-vfprintf_i.o)
                              c:/st/stm32cubeide_1.10.1/stm32cubeide/plugins/com.st.stm32cube.ide.mcu.externaltools.gnu-tools-for-stm32.10.3-2021.10.win32_1.0.0.202111181127/tools/bin/../lib/gcc/arm-none-eabi/10.3.1/../../../../arm-none-eabi/lib/thumb/v7-m/nofp\libc_nano.a(lib_a-nano-svfprintf.o) (_printf_i)
c:/st/stm32cubeide_1.10.1/stm32cubeide/plugins/com.st.stm32cube.ide.mcu.externaltools.gnu-tools-for-stm32.10.3-2021.10.win32_1.0.0.202111181127/tools/bin/../lib/gcc/arm-none-eabi/10.3.1/../../../../arm-none-eabi/lib/thumb/v7-m/nofp\libc_nano.a(lib_a-memchr-stub.o)
                              c:/st/stm32cubeide_1.10.1/stm32cubeide/plugins/com.st.stm32cube.ide.mcu.externaltools.gnu-tools-for-stm32.10.3-2021.10.win32_1.0.0.202111181127/tools/bin/../lib/gcc/arm-none-eabi/10.3.1/../../../../arm-none-eabi/lib/thumb/v7-m/nofp\libc_nano.a(lib_a-nano-svfprintf.o) (memchr)
[...]
Memory Configuration

Name             Origin             Length             Attributes
RAM              0x0000000020000000 0x0000000000005000 xrw
FLASH            0x0000000008000000 0x0000000000010000 xr
*default*        0x0000000000000000 0xffffffffffffffff

Linker script and memory map

LOAD c:/st/stm32cubeide_1.10.1/stm32cubeide/plugins/com.st.stm32cube.ide.mcu.externaltools.gnu-tools-for-stm32.10.3-2021.10.win32_1.0.0.202111181127/tools/bin/../lib/gcc/arm-none-eabi/10.3.1/thumb/v7-m/nofp/crti.o
LOAD c:/st/stm32cubeide_1.10.1/stm32cubeide/plugins/com.st.stm32cube.ide.mcu.externaltools.gnu-tools-for-stm32.10.3-2021.10.win32_1.0.0.202111181127/tools/bin/../lib/gcc/arm-none-eabi/10.3.1/thumb/v7-m/nofp/crtbegin.o
LOAD c:/st/stm32cubeide_1.10.1/stm32cubeide/plugins/com.st.stm32cube.ide.mcu.externaltools.gnu-tools-for-stm32.10.3-2021.10.win32_1.0.0.202111181127/tools/bin/../lib/gcc/arm-none-eabi/10.3.1/../../../../arm-none-eabi/lib/thumb/v7-m/nofp/crt0.o
LOAD ./Core/Src/DHT11.o
LOAD ./Core/Src/DrowingLCD.o
LOAD ./Core/Src/EventClicks.o
LOAD ./Core/Src/StartUpSystem.o
LOAD ./Core/Src/fonts.o
LOAD ./Core/Src/main.o
LOAD ./Core/Src/ssd1306.o
LOAD ./Core/Src/stm32f1xx_hal_msp.o
LOAD ./Core/Src/stm32f1xx_it.o
LOAD ./Core/Src/syscalls.o
LOAD ./Core/Src/sysmem.o
LOAD ./Core/Src/system_stm32f1xx.o
LOAD ./Core/Startup/startup_stm32f103c8tx.o
LOAD ./Drivers/STM32F1xx_HAL_Driver/Src/stm32f1xx_hal.o
LOAD ./Drivers/STM32F1xx_HAL_Driver/Src/stm32f1xx_hal_cortex.o
LOAD ./Drivers/STM32F1xx_HAL_Driver/Src/stm32f1xx_hal_dma.o
LOAD ./Drivers/STM32F1xx_HAL_Driver/Src/stm32f1xx_hal_exti.o
LOAD ./Drivers/STM32F1xx_HAL_Driver/Src/stm32f1xx_hal_flash.o
LOAD ./Drivers/STM32F1xx_HAL_Driver/Src/stm32f1xx_hal_flash_ex.o
LOAD ./Drivers/STM32F1xx_HAL_Driver/Src/stm32f1xx_hal_gpio.o
LOAD ./Drivers/STM32F1xx_HAL_Driver/Src/stm32f1xx_hal_gpio_ex.o
LOAD ./Drivers/STM32F1xx_HAL_Driver/Src/stm32f1xx_hal_i2c.o
LOAD ./Drivers/STM32F1xx_HAL_Driver/Src/stm32f1xx_hal_pwr.o
LOAD ./Drivers/STM32F1xx_HAL_Driver/Src/stm32f1xx_hal_rcc.o
LOAD ./Drivers/STM32F1xx_HAL_Driver/Src/stm32f1xx_hal_rcc_ex.o
LOAD ./Drivers/STM32F1xx_HAL_Driver/Src/stm32f1xx_hal_tim.o
LOAD ./Drivers/STM32F1xx_HAL_Driver/Src/stm32f1xx_hal_tim_ex.o
START GROUP
LOAD c:/st/stm32cubeide_1.10.1/stm32cubeide/plugins/com.st.stm32cube.ide.mcu.externaltools.gnu-tools-for-stm32.10.3-2021.10.win32_1.0.0.202111181127/tools/bin/../lib/gcc/arm-none-eabi/10.3.1/../../../../arm-none-eabi/lib/thumb/v7-m/nofp\libstdc++_nano.a
LOAD c:/st/stm32cubeide_1.10.1/stm32cubeide/plugins/com.st.stm32cube.ide.mcu.externaltools.gnu-tools-for-stm32.10.3-2021.10.win32_1.0.0.202111181127/tools/bin/../lib/gcc/arm-none-eabi/10.3.1/../../../../arm-none-eabi/lib/thumb/v7-m/nofp\libsupc++_nano.a
END GROUP
LOAD c:/st/stm32cubeide_1.10.1/stm32cubeide/plugins/com.st.stm32cube.ide.mcu.externaltools.gnu-tools-for-stm32.10.3-2021.10.win32_1.0.0.202111181127/tools/bin/../lib/gcc/arm-none-eabi/10.3.1/../../../../arm-none-eabi/lib/thumb/v7-m/nofp\libstdc++_nano.a
LOAD c:/st/stm32cubeide_1.10.1/stm32cubeide/plugins/com.st.stm32cube.ide.mcu.externaltools.gnu-tools-for-stm32.10.3-2021.10.win32_1.0.0.202111181127/tools/bin/../lib/gcc/arm-none-eabi/10.3.1/../../../../arm-none-eabi/lib/thumb/v7-m/nofp\libm.a
LOAD c:/st/stm32cubeide_1.10.1/stm32cubeide/plugins/com.st.stm32cube.ide.mcu.externaltools.gnu-tools-for-stm32.10.3-2021.10.win32_1.0.0.202111181127/tools/bin/../lib/gcc/arm-none-eabi/10.3.1/../../../../arm-none-eabi/lib/thumb/v7-m/nofp\libc_nano.a
START GROUP
LOAD c:/st/stm32cubeide_1.10.1/stm32cubeide/plugins/com.st.stm32cube.ide.mcu.externaltools.gnu-tools-for-stm32.10.3-2021.10.win32_1.0.0.202111181127/tools/bin/../lib/gcc/arm-none-eabi/10.3.1/thumb/v7-m/nofp\libgcc.a
LOAD c:/st/stm32cubeide_1.10.1/stm32cubeide/plugins/com.st.stm32cube.ide.mcu.externaltools.gnu-tools-for-stm32.10.3-2021.10.win32_1.0.0.202111181127/tools/bin/../lib/gcc/arm-none-eabi/10.3.1/../../../../arm-none-eabi/lib/thumb/v7-m/nofp\libc_nano.a
END GROUP
START GROUP
LOAD c:/st/stm32cubeide_1.10.1/stm32cubeide/plugins/com.st.stm32cube.ide.mcu.externaltools.gnu-tools-for-stm32.10.3-2021.10.win32_1.0.0.202111181127/tools/bin/../lib/gcc/arm-none-eabi/10.3.1/thumb/v7-m/nofp\libgcc.a
LOAD c:/st/stm32cubeide_1.10.1/stm32cubeide/plugins/com.st.stm32cube.ide.mcu.externaltools.gnu-tools-for-stm32.10.3-2021.10.win32_1.0.0.202111181127/tools/bin/../lib/gcc/arm-none-eabi/10.3.1/../../../../arm-none-eabi/lib/thumb/v7-m/nofp\libc_nano.a
LOAD c:/st/stm32cubeide_1.10.1/stm32cubeide/plugins/com.st.stm32cube.ide.mcu.externaltools.gnu-tools-for-stm32.10.3-2021.10.win32_1.0.0.202111181127/tools/bin/../lib/gcc/arm-none-eabi/10.3.1/../../../../arm-none-eabi/lib/thumb/v7-m/nofp\libnosys.a
END GROUP
START GROUP
LOAD c:/st/stm32cubeide_1.10.1/stm32cubeide/plugins/com.st.stm32cube.ide.mcu.externaltools.gnu-tools-for-stm32.10.3-2021.10.win32_1.0.0.202111181127/tools/bin/../lib/gcc/arm-none-eabi/10.3.1/thumb/v7-m/nofp\libgcc.a
LOAD c:/st/stm32cubeide_1.10.1/stm32cubeide/plugins/com.st.stm32cube.ide.mcu.externaltools.gnu-tools-for-stm32.10.3-2021.10.win32_1.0.0.202111181127/tools/bin/../lib/gcc/arm-none-eabi/10.3.1/../../../../arm-none-eabi/lib/thumb/v7-m/nofp\libc_nano.a
LOAD c:/st/stm32cubeide_1.10.1/stm32cubeide/plugins/com.st.stm32cube.ide.mcu.externaltools.gnu-tools-for-stm32.10.3-2021.10.win32_1.0.0.202111181127/tools/bin/../lib/gcc/arm-none-eabi/10.3.1/../../../../arm-none-eabi/lib/thumb/v7-m/nofp\libnosys.a
END GROUP
LOAD c:/st/stm32cubeide_1.10.1/stm32cubeide/plugins/com.st.stm32cube.ide.mcu.externaltools.gnu-tools-for-stm32.10.3-2021.10.win32_1.0.0.202111181127/tools/bin/../lib/gcc/arm-none-eabi/10.3.1/thumb/v7-m/nofp/crtend.o
LOAD c:/st/stm32cubeide_1.10.1/stm32cubeide/plugins/com.st.stm32cube.ide.mcu.externaltools.gnu-tools-for-stm32.10.3-2021.10.win32_1.0.0.202111181127/tools/bin/../lib/gcc/arm-none-eabi/10.3.1/thumb/v7-m/nofp/crtn.o
                0x0000000020005000                _estack = (ORIGIN (RAM) + LENGTH (RAM))
                0x0000000000000200                _Min_Heap_Size = 0x200
                0x0000000000000400                _Min_Stack_Size = 0x400

.isr_vector     0x0000000008000000      0x10c
                0x0000000008000000                . = ALIGN (0x4)
 *(.isr_vector)
 .isr_vector    0x0000000008000000      0x10c ./Core/Startup/startup_stm32f103c8tx.o
                0x0000000008000000                g_pfnVectors
                0x000000000800010c                . = ALIGN (0x4)

.text           0x000000000800010c     0x4cd8
                0x000000000800010c                . = ALIGN (0x4)
 *(.text)
 .text          0x000000000800010c       0x40 c:/st/stm32cubeide_1.10.1/stm32cubeide/plugins/com.st.stm32cube.ide.mcu.externaltools.gnu-tools-for-stm32.10.3-2021.10.win32_1.0.0.202111181127/tools/bin/../lib/gcc/arm-none-eabi/10.3.1/thumb/v7-m/nofp/crtbegin.o
 .text          0x000000000800014c      0x378 c:/st/stm32cubeide_1.10.1/stm32cubeide/plugins/com.st.stm32cube.ide.mcu.externaltools.gnu-tools-for-stm32.10.3-2021.10.win32_1.0.0.202111181127/tools/bin/../lib/gcc/arm-none-eabi/10.3.1/thumb/v7-m/nofp\libgcc.a(_arm_addsubdf3.o)
                0x000000000800014c                __aeabi_drsub
                0x0000000008000154                __aeabi_dsub
                0x0000000008000154                __subdf3
                0x0000000008000158                __aeabi_dadd
                0x0000000008000158                __adddf3
                0x00000000080003d0                __floatunsidf
                0x00000000080003d0                __aeabi_ui2d
                0x00000000080003f0                __floatsidf
                0x00000000080003f0                __aeabi_i2d
                0x0000000008000414                __aeabi_f2d
                0x0000000008000414                __extendsfdf2
                0x0000000008000458                __floatundidf
                0x0000000008000458                __aeabi_ul2d
                0x0000000008000468                __floatdidf
                0x0000000008000468                __aeabi_l2d
 .text          0x00000000080004c4      0x424 c:/st/stm32cubeide_1.10.1/stm32cubeide/plugins/com.st.stm32cube.ide.mcu.externaltools.gnu-tools-for-stm32.10.3-2021.10.win32_1.0.0.202111181127/tools/bin/../lib/gcc/arm-none-eabi/10.3.1/thumb/v7-m/nofp\libgcc.a(_arm_muldivdf3.o)
                0x00000000080004c4                __aeabi_dmul
                0x00000000080004c4                __muldf3
                0x0000000008000718                __divdf3
                0x0000000008000718                __aeabi_ddiv
 .text          0x00000000080008e8       0xa0 c:/st/stm32cubeide_1.10.1/stm32cubeide/plugins/com.st.stm32cube.ide.mcu.externaltools.gnu-tools-for-stm32.10.3-2021.10.win32_1.0.0.202111181127/tools/bin/../lib/gcc/arm-none-eabi/10.3.1/thumb/v7-m/nofp\libgcc.a(_arm_truncdfsf2.o)
                0x00000000080008e8                __truncdfsf2
                0x00000000080008e8                __aeabi_d2f
 .text          0x0000000008000988      0x21c c:/st/stm32cubeide_1.10.1/stm32cubeide/plugins/com.st.stm32cube.ide.mcu.externaltools.gnu-tools-for-stm32.10.3-2021.10.win32_1.0.0.202111181127/tools/bin/../lib/gcc/arm-none-eabi/10.3.1/thumb/v7-m/nofp\libgcc.a(_arm_addsubsf3.o)
                0x0000000008000988                __aeabi_frsub
                0x0000000008000990                __subsf3
                0x0000000008000990                __aeabi_fsub
                0x0000000008000994                __aeabi_fadd
                0x0000000008000994                __addsf3
                0x0000000008000af4                __aeabi_ui2f
                0x0000000008000af4                __floatunsisf
                0x0000000008000afc                __aeabi_i2f
                0x0000000008000afc                __floatsisf
                0x0000000008000b18                __aeabi_ul2f
                0x0000000008000b18                __floatundisf
                0x0000000008000b28                __aeabi_l2f
                0x0000000008000b28                __floatdisf
 .text          0x0000000008000ba4      0x2a0 c:/st/stm32cubeide_1.10.1/stm32cubeide/plugins/com.st.stm32cube.ide.mcu.externaltools.gnu-tools-for-stm32.10.3-2021.10.win32_1.0.0.202111181127/tools/bin/../lib/gcc/arm-none-eabi/10.3.1/thumb/v7-m/nofp\libgcc.a(_arm_muldivsf3.o)
                0x0000000008000ba4                __mulsf3
                0x0000000008000ba4                __aeabi_fmul
                0x0000000008000d0c                __aeabi_fdiv
                0x0000000008000d0c                __divsf3
 .text          0x0000000008000e44       0x40 c:/st/stm32cubeide_1.10.1/stm32cubeide/plugins/com.st.stm32cube.ide.mcu.externaltools.gnu-tools-for-stm32.10.3-2021.10.win32_1.0.0.202111181127/tools/bin/../lib/gcc/arm-none-eabi/10.3.1/thumb/v7-m/nofp\libgcc.a(_arm_fixunssfsi.o)
                0x0000000008000e44                __fixunssfsi
                0x0000000008000e44                __aeabi_f2uiz
 *(.text*)
 .text.DHT11_Start
                0x0000000008000e84       0xec ./Core/Src/DHT11.o
                0x0000000008000e84                DHT11_Start
 .text.DHT11_Read
                0x0000000008000f70       0xf8 ./Core/Src/DHT11.o
                0x0000000008000f70                DHT11_Read
 .text.Check_IN
                0x0000000008001068      0x1d0 ./Core/Src/DHT11.o
                0x0000000008001068                Check_IN
 .text.PrintLCDByFont
                0x0000000008001238       0x3c ./Core/Src/DrowingLCD.o
                0x0000000008001238                PrintLCDByFont
 .text.PrintLCD
                0x0000000008001274       0x40 ./Core/Src/DrowingLCD.o
                0x0000000008001274                PrintLCD
 .text.AddTotal
                0x00000000080012b4       0x44 ./Core/Src/DrowingLCD.o
                0x00000000080012b4                AddTotal
 .text.GetList  0x00000000080012f8      0x150 ./Core/Src/DrowingLCD.o
                0x00000000080012f8                GetList
 .text.GetListMainMenus
                0x0000000008001448       0x90 ./Core/Src/DrowingLCD.o
                0x0000000008001448                GetListMainMenus
 .text.GetListLed
                0x00000000080014d8       0xcc ./Core/Src/DrowingLCD.o
                0x00000000080014d8                GetListLed
 .text.GetListLed_RGB
                0x00000000080015a4       0xcc ./Core/Src/DrowingLCD.o
                0x00000000080015a4                GetListLed_RGB
 .text.GetListTemperatureSensor
                0x0000000008001670       0x78 ./Core/Src/DrowingLCD.o
                0x0000000008001670                GetListTemperatureSensor
 .text.GetListBuzzerSensor
                0x00000000080016e8       0x44 ./Core/Src/DrowingLCD.o
                0x00000000080016e8                GetListBuzzerSensor
 .text.GetListAbout
                0x000000000800172c       0x12 ./Core/Src/DrowingLCD.o
                0x000000000800172c                GetListAbout
 *fill*         0x000000000800173e        0x2 
 .text.GetListSoonModel
                0x0000000008001740       0x28 ./Core/Src/DrowingLCD.o
                0x0000000008001740                GetListSoonModel
 .text.ClickButtons
                0x0000000008001768       0x68 ./Core/Src/EventClicks.o
                0x0000000008001768                ClickButtons
 .text.EventMeunLed
                0x00000000080017d0       0x58 ./Core/Src/EventClicks.o
                0x00000000080017d0                EventMeunLed
 .text.EventMeunLEDsRGP
                0x0000000008001828       0x54 ./Core/Src/EventClicks.o
                0x0000000008001828                EventMeunLEDsRGP
 .text.EventBuzzer
                0x000000000800187c       0x48 ./Core/Src/EventClicks.o
                0x000000000800187c                EventBuzzer
 .text.EventBeSoon
                0x00000000080018c4       0x1a ./Core/Src/EventClicks.o
                0x00000000080018c4                EventBeSoon
 *fill*         0x00000000080018de        0x2 
 .text.microDelay
                0x00000000080018e0       0x30 ./Core/Src/main.o
                0x00000000080018e0                microDelay
 .text.main     0x0000000008001910       0xe4 ./Core/Src/main.o
                0x0000000008001910                main
 .text.SystemClock_Config
                0x00000000080019f4       0x8a ./Core/Src/main.o
 *fill*         0x0000000008001a7e        0x2 
 .text.MX_I2C1_Init
                0x0000000008001a80       0x5c ./Core/Src/main.o
 .text.MX_TIM1_Init
                0x0000000008001adc       0xa0 ./Core/Src/main.o
 .text.MX_GPIO_Init
                0x0000000008001b7c      0x170 ./Core/Src/main.o
 .text.Error_Handler
                0x0000000008001cec        0xa ./Core/Src/main.o
                0x0000000008001cec                Error_Handler
 *fill*         0x0000000008001cf6        0x2 
 .text.SSD1306_Init
                0x0000000008001cf8      0x188 ./Core/Src/ssd1306.o
                0x0000000008001cf8                SSD1306_Init
 .text.SSD1306_UpdateScreen
                0x0000000008001e80       0x5c ./Core/Src/ssd1306.o
                0x0000000008001e80                SSD1306_UpdateScreen
 .text.SSD1306_Fill
                0x0000000008001edc       0x30 ./Core/Src/ssd1306.o
                0x0000000008001edc                SSD1306_Fill
 .text.SSD1306_DrawPixel
                0x0000000008001f0c       0xbc ./Core/Src/ssd1306.o
                0x0000000008001f0c                SSD1306_DrawPixel
 .text.SSD1306_GotoXY
                0x0000000008001fc8       0x2c ./Core/Src/ssd1306.o
                0x0000000008001fc8                SSD1306_GotoXY
 .text.SSD1306_Putc
                0x0000000008001ff4      0x100 ./Core/Src/ssd1306.o
                0x0000000008001ff4                SSD1306_Putc
 .text.SSD1306_Puts
                0x00000000080020f4       0x4a ./Core/Src/ssd1306.o
                0x00000000080020f4                SSD1306_Puts
 .text.SSD1306_Clear
                0x000000000800213e       0x12 ./Core/Src/ssd1306.o
                0x000000000800213e                SSD1306_Clear
 .text.ssd1306_I2C_Init
                0x0000000008002150       0x28 ./Core/Src/ssd1306.o
                0x0000000008002150                ssd1306_I2C_Init
 .text.ssd1306_I2C_WriteMulti
                0x0000000008002178       0xcc ./Core/Src/ssd1306.o
                0x0000000008002178                ssd1306_I2C_WriteMulti
 .text.ssd1306_I2C_Write
                0x0000000008002244       0x3c ./Core/Src/ssd1306.o
                0x0000000008002244                ssd1306_I2C_Write
 .text.HAL_MspInit
                0x0000000008002280       0x64 ./Core/Src/stm32f1xx_hal_msp.o
                0x0000000008002280                HAL_MspInit
 .text.HAL_I2C_MspInit
                0x00000000080022e4       0x7c ./Core/Src/stm32f1xx_hal_msp.o
                0x00000000080022e4                HAL_I2C_MspInit
 .text.HAL_TIM_Base_MspInit
                0x0000000008002360       0x80 ./Core/Src/stm32f1xx_hal_msp.o
                0x0000000008002360                HAL_TIM_Base_MspInit
 .text.NMI_Handler
                0x00000000080023e0        0x6 ./Core/Src/stm32f1xx_it.o
                0x00000000080023e0                NMI_Handler
 .text.HardFault_Handler
                0x00000000080023e6        0x6 ./Core/Src/stm32f1xx_it.o
                0x00000000080023e6                HardFault_Handler
 .text.MemManage_Handler
                0x00000000080023ec        0x6 ./Core/Src/stm32f1xx_it.o
                0x00000000080023ec                MemManage_Handler
 .text.BusFault_Handler
                0x00000000080023f2        0x6 ./Core/Src/stm32f1xx_it.o
                0x00000000080023f2                BusFault_Handler
 .text.UsageFault_Handler
                0x00000000080023f8        0x6 ./Core/Src/stm32f1xx_it.o
                0x00000000080023f8                UsageFault_Handler
 .text.SVC_Handler
                0x00000000080023fe        0xc ./Core/Src/stm32f1xx_it.o
                0x00000000080023fe                SVC_Handler
 .text.DebugMon_Handler
                0x000000000800240a        0xc ./Core/Src/stm32f1xx_it.o
                0x000000000800240a                DebugMon_Handler
 .text.PendSV_Handler
                0x0000000008002416        0xc ./Core/Src/stm32f1xx_it.o
                0x0000000008002416                PendSV_Handler
 .text.SysTick_Handler
                0x0000000008002422        0xc ./Core/Src/stm32f1xx_it.o
                0x0000000008002422                SysTick_Handler
 .text.EXTI15_10_IRQHandler
                0x000000000800242e       0x18 ./Core/Src/stm32f1xx_it.o
                0x000000000800242e                EXTI15_10_IRQHandler
 *fill*         0x0000000008002446        0x2 
 .text._sbrk    0x0000000008002448       0x6c ./Core/Src/sysmem.o
                0x0000000008002448                _sbrk
 .text.SystemInit
                0x00000000080024b4        0xc ./Core/Src/system_stm32f1xx.o
                0x00000000080024b4                SystemInit
 .text.Reset_Handler
                0x00000000080024c0       0x48 ./Core/Startup/startup_stm32f103c8tx.o
                0x00000000080024c0                Reset_Handler
 .text.Default_Handler
                0x0000000008002508        0x2 ./Core/Startup/startup_stm32f103c8tx.o
                0x0000000008002508                RTC_Alarm_IRQHandler
                0x0000000008002508                EXTI2_IRQHandler
                0x0000000008002508                TIM1_CC_IRQHandler
                0x0000000008002508                PVD_IRQHandler
                0x0000000008002508                EXTI3_IRQHandler
                0x0000000008002508                EXTI0_IRQHandler
                0x0000000008002508                I2C2_EV_IRQHandler
                0x0000000008002508                ADC1_2_IRQHandler
                0x0000000008002508                SPI1_IRQHandler
                0x0000000008002508                TAMPER_IRQHandler
                0x0000000008002508                DMA1_Channel4_IRQHandler
                0x0000000008002508                USART3_IRQHandler
                0x0000000008002508                RTC_IRQHandler
                0x0000000008002508                DMA1_Channel7_IRQHandler
                0x0000000008002508                CAN1_RX1_IRQHandler
                0x0000000008002508                TIM4_IRQHandler
                0x0000000008002508                I2C1_EV_IRQHandler
                0x0000000008002508                DMA1_Channel6_IRQHandler
                0x0000000008002508                TIM3_IRQHandler
                0x0000000008002508                RCC_IRQHandler
                0x0000000008002508                TIM1_TRG_COM_IRQHandler
                0x0000000008002508                DMA1_Channel1_IRQHandler
                0x0000000008002508                Default_Handler
                0x0000000008002508                EXTI9_5_IRQHandler
                0x0000000008002508                SPI2_IRQHandler
                0x0000000008002508                DMA1_Channel5_IRQHandler
                0x0000000008002508                EXTI4_IRQHandler
                0x0000000008002508                USB_LP_CAN1_RX0_IRQHandler
                0x0000000008002508                USB_HP_CAN1_TX_IRQHandler
                0x0000000008002508                DMA1_Channel3_IRQHandler
                0x0000000008002508                TIM1_UP_IRQHandler
                0x0000000008002508                WWDG_IRQHandler
                0x0000000008002508                TIM2_IRQHandler
                0x0000000008002508                TIM1_BRK_IRQHandler
                0x0000000008002508                EXTI1_IRQHandler
                0x0000000008002508                USART2_IRQHandler
                0x0000000008002508                I2C2_ER_IRQHandler
                0x0000000008002508                DMA1_Channel2_IRQHandler
                0x0000000008002508                CAN1_SCE_IRQHandler
                0x0000000008002508                FLASH_IRQHandler
                0x0000000008002508                USART1_IRQHandler
                0x0000000008002508                I2C1_ER_IRQHandler
                0x0000000008002508                USBWakeUp_IRQHandler
 *fill*         0x000000000800250a        0x2 
 .text.HAL_Init
                0x000000000800250c       0x2c ./Drivers/STM32F1xx_HAL_Driver/Src/stm32f1xx_hal.o
                0x000000000800250c                HAL_Init
 .text.HAL_InitTick
                0x0000000008002538       0x60 ./Drivers/STM32F1xx_HAL_Driver/Src/stm32f1xx_hal.o
                0x0000000008002538                HAL_InitTick
 .text.HAL_IncTick
                0x0000000008002598       0x24 ./Drivers/STM32F1xx_HAL_Driver/Src/stm32f1xx_hal.o
                0x0000000008002598                HAL_IncTick
 .text.HAL_GetTick
                0x00000000080025bc       0x14 ./Drivers/STM32F1xx_HAL_Driver/Src/stm32f1xx_hal.o
                0x00000000080025bc                HAL_GetTick
 .text.HAL_Delay
                0x00000000080025d0       0x48 ./Drivers/STM32F1xx_HAL_Driver/Src/stm32f1xx_hal.o
                0x00000000080025d0                HAL_Delay
 .text.__NVIC_SetPriorityGrouping
                0x0000000008002618       0x48 ./Drivers/STM32F1xx_HAL_Driver/Src/stm32f1xx_hal_cortex.o
 .text.__NVIC_GetPriorityGrouping
                0x0000000008002660       0x1c ./Drivers/STM32F1xx_HAL_Driver/Src/stm32f1xx_hal_cortex.o
 .text.__NVIC_EnableIRQ
                0x000000000800267c       0x38 ./Drivers/STM32F1xx_HAL_Driver/Src/stm32f1xx_hal_cortex.o
 .text.__NVIC_SetPriority
                0x00000000080026b4       0x54 ./Drivers/STM32F1xx_HAL_Driver/Src/stm32f1xx_hal_cortex.o
 .text.NVIC_EncodePriority
                0x0000000008002708       0x64 ./Drivers/STM32F1xx_HAL_Driver/Src/stm32f1xx_hal_cortex.o
 .text.SysTick_Config
                0x000000000800276c       0x44 ./Drivers/STM32F1xx_HAL_Driver/Src/stm32f1xx_hal_cortex.o
 .text.HAL_NVIC_SetPriorityGrouping
                0x00000000080027b0       0x16 ./Drivers/STM32F1xx_HAL_Driver/Src/stm32f1xx_hal_cortex.o
                0x00000000080027b0                HAL_NVIC_SetPriorityGrouping
 .text.HAL_NVIC_SetPriority
                0x00000000080027c6       0x38 ./Drivers/STM32F1xx_HAL_Driver/Src/stm32f1xx_hal_cortex.o
                0x00000000080027c6                HAL_NVIC_SetPriority
 .text.HAL_NVIC_EnableIRQ
                0x00000000080027fe       0x1c ./Drivers/STM32F1xx_HAL_Driver/Src/stm32f1xx_hal_cortex.o
                0x00000000080027fe                HAL_NVIC_EnableIRQ
 .text.HAL_SYSTICK_Config
                0x000000000800281a       0x18 ./Drivers/STM32F1xx_HAL_Driver/Src/stm32f1xx_hal_cortex.o
                0x000000000800281a                HAL_SYSTICK_Config
 *fill*         0x0000000008002832        0x2 
 .text.HAL_GPIO_Init
                0x0000000008002834      0x308 ./Drivers/STM32F1xx_HAL_Driver/Src/stm32f1xx_hal_gpio.o
                0x0000000008002834                HAL_GPIO_Init
 .text.HAL_GPIO_ReadPin
                0x0000000008002b3c       0x2e ./Drivers/STM32F1xx_HAL_Driver/Src/stm32f1xx_hal_gpio.o
                0x0000000008002b3c                HAL_GPIO_ReadPin
 .text.HAL_GPIO_WritePin
                0x0000000008002b6a       0x30 ./Drivers/STM32F1xx_HAL_Driver/Src/stm32f1xx_hal_gpio.o
                0x0000000008002b6a                HAL_GPIO_WritePin
 .text.HAL_GPIO_TogglePin
                0x0000000008002b9a       0x32 ./Drivers/STM32F1xx_HAL_Driver/Src/stm32f1xx_hal_gpio.o
                0x0000000008002b9a                HAL_GPIO_TogglePin
 .text.HAL_GPIO_EXTI_IRQHandler
                0x0000000008002bcc       0x30 ./Drivers/STM32F1xx_HAL_Driver/Src/stm32f1xx_hal_gpio.o
                0x0000000008002bcc                HAL_GPIO_EXTI_IRQHandler
 .text.HAL_GPIO_EXTI_Callback
                0x0000000008002bfc       0x14 ./Drivers/STM32F1xx_HAL_Driver/Src/stm32f1xx_hal_gpio.o
                0x0000000008002bfc                HAL_GPIO_EXTI_Callback
 .text.HAL_I2C_Init
                0x0000000008002c10      0x288 ./Drivers/STM32F1xx_HAL_Driver/Src/stm32f1xx_hal_i2c.o
                0x0000000008002c10                HAL_I2C_Init
 .text.HAL_I2C_Master_Transmit
                0x0000000008002e98      0x1fc ./Drivers/STM32F1xx_HAL_Driver/Src/stm32f1xx_hal_i2c.o
                0x0000000008002e98                HAL_I2C_Master_Transmit
 .text.HAL_I2C_IsDeviceReady
                0x0000000008003094      0x25c ./Drivers/STM32F1xx_HAL_Driver/Src/stm32f1xx_hal_i2c.o
                0x0000000008003094                HAL_I2C_IsDeviceReady
 .text.I2C_MasterRequestWrite
                0x00000000080032f0      0x104 ./Drivers/STM32F1xx_HAL_Driver/Src/stm32f1xx_hal_i2c.o
 .text.I2C_WaitOnFlagUntilTimeout
                0x00000000080033f4       0xae ./Drivers/STM32F1xx_HAL_Driver/Src/stm32f1xx_hal_i2c.o
 .text.I2C_WaitOnMasterAddressFlagUntilTimeout
                0x00000000080034a2       0xfe ./Drivers/STM32F1xx_HAL_Driver/Src/stm32f1xx_hal_i2c.o
 .text.I2C_WaitOnTXEFlagUntilTimeout
                0x00000000080035a0       0x82 ./Drivers/STM32F1xx_HAL_Driver/Src/stm32f1xx_hal_i2c.o
 .text.I2C_WaitOnBTFFlagUntilTimeout
                0x0000000008003622       0x82 ./Drivers/STM32F1xx_HAL_Driver/Src/stm32f1xx_hal_i2c.o
 .text.I2C_IsAcknowledgeFailed
                0x00000000080036a4       0x5c ./Drivers/STM32F1xx_HAL_Driver/Src/stm32f1xx_hal_i2c.o
 .text.HAL_RCC_OscConfig
                0x0000000008003700      0x504 ./Drivers/STM32F1xx_HAL_Driver/Src/stm32f1xx_hal_rcc.o
                0x0000000008003700                HAL_RCC_OscConfig
 .text.HAL_RCC_ClockConfig
                0x0000000008003c04      0x1d4 ./Drivers/STM32F1xx_HAL_Driver/Src/stm32f1xx_hal_rcc.o
                0x0000000008003c04                HAL_RCC_ClockConfig
 .text.HAL_RCC_GetSysClockFreq
                0x0000000008003dd8       0xbc ./Drivers/STM32F1xx_HAL_Driver/Src/stm32f1xx_hal_rcc.o
                0x0000000008003dd8                HAL_RCC_GetSysClockFreq
 .text.HAL_RCC_GetHCLKFreq
                0x0000000008003e94       0x14 ./Drivers/STM32F1xx_HAL_Driver/Src/stm32f1xx_hal_rcc.o
                0x0000000008003e94                HAL_RCC_GetHCLKFreq
 .text.HAL_RCC_GetPCLK1Freq
                0x0000000008003ea8       0x28 ./Drivers/STM32F1xx_HAL_Driver/Src/stm32f1xx_hal_rcc.o
                0x0000000008003ea8                HAL_RCC_GetPCLK1Freq
 .text.RCC_Delay
                0x0000000008003ed0       0x3c ./Drivers/STM32F1xx_HAL_Driver/Src/stm32f1xx_hal_rcc.o
 .text.HAL_TIM_Base_Init
                0x0000000008003f0c       0x9e ./Drivers/STM32F1xx_HAL_Driver/Src/stm32f1xx_hal_tim.o
                0x0000000008003f0c                HAL_TIM_Base_Init
 *fill*         0x0000000008003faa        0x2 
 .text.HAL_TIM_Base_Start
                0x0000000008003fac       0x94 ./Drivers/STM32F1xx_HAL_Driver/Src/stm32f1xx_hal_tim.o
                0x0000000008003fac                HAL_TIM_Base_Start
 .text.HAL_TIM_ConfigClockSource
                0x0000000008004040      0x188 ./Drivers/STM32F1xx_HAL_Driver/Src/stm32f1xx_hal_tim.o
                0x0000000008004040                HAL_TIM_ConfigClockSource
 .text.TIM_Base_SetConfig
                0x00000000080041c8       0xc4 ./Drivers/STM32F1xx_HAL_Driver/Src/stm32f1xx_hal_tim.o
                0x00000000080041c8                TIM_Base_SetConfig
 .text.TIM_TI1_ConfigInputStage
                0x000000000800428c       0x5c ./Drivers/STM32F1xx_HAL_Driver/Src/stm32f1xx_hal_tim.o
 .text.TIM_TI2_ConfigInputStage
                0x00000000080042e8       0x5e ./Drivers/STM32F1xx_HAL_Driver/Src/stm32f1xx_hal_tim.o
 .text.TIM_ITRx_SetConfig
                0x0000000008004346       0x34 ./Drivers/STM32F1xx_HAL_Driver/Src/stm32f1xx_hal_tim.o
 .text.TIM_ETR_SetConfig
                0x000000000800437a       0x3e ./Drivers/STM32F1xx_HAL_Driver/Src/stm32f1xx_hal_tim.o
                0x000000000800437a                TIM_ETR_SetConfig
 .text.HAL_TIMEx_MasterConfigSynchronization
                0x00000000080043b8       0xbc ./Drivers/STM32F1xx_HAL_Driver/Src/stm32f1xx_hal_tim_ex.o
                0x00000000080043b8                HAL_TIMEx_MasterConfigSynchronization
 .text.__errno  0x0000000008004474        0xc c:/st/stm32cubeide_1.10.1/stm32cubeide/plugins/com.st.stm32cube.ide.mcu.externaltools.gnu-tools-for-stm32.10.3-2021.10.win32_1.0.0.202111181127/tools/bin/../lib/gcc/arm-none-eabi/10.3.1/../../../../arm-none-eabi/lib/thumb/v7-m/nofp\libc_nano.a(lib_a-errno.o)
                0x0000000008004474                __errno
 .text.__libc_init_array
                0x0000000008004480       0x48 c:/st/stm32cubeide_1.10.1/stm32cubeide/plugins/com.st.stm32cube.ide.mcu.externaltools.gnu-tools-for-stm32.10.3-2021.10.win32_1.0.0.202111181127/tools/bin/../lib/gcc/arm-none-eabi/10.3.1/../../../../arm-none-eabi/lib/thumb/v7-m/nofp\libc_nano.a(lib_a-init.o)
                0x0000000008004480                __libc_init_array
 .text.memset   0x00000000080044c8       0x10 c:/st/stm32cubeide_1.10.1/stm32cubeide/plugins/com.st.stm32cube.ide.mcu.externaltools.gnu-tools-for-stm32.10.3-2021.10.win32_1.0.0.202111181127/tools/bin/../lib/gcc/arm-none-eabi/10.3.1/../../../../arm-none-eabi/lib/thumb/v7-m/nofp\libc_nano.a(lib_a-memset.o)
                0x00000000080044c8                memset
 .text.sprintf  0x00000000080044d8       0x40 c:/st/stm32cubeide_1.10.1/stm32cubeide/plugins/com.st.stm32cube.ide.mcu.externaltools.gnu-tools-for-stm32.10.3-2021.10.win32_1.0.0.202111181127/tools/bin/../lib/gcc/arm-none-eabi/10.3.1/../../../../arm-none-eabi/lib/thumb/v7-m/nofp\libc_nano.a(lib_a-sprintf.o)
                0x00000000080044d8                siprintf
                0x00000000080044d8                sprintf
 .text.__ssputs_r
                0x0000000008004518       0xb6 c:/st/stm32cubeide_1.10.1/stm32cubeide/plugins/com.st.stm32cube.ide.mcu.externaltools.gnu-tools-for-stm32.10.3-2021.10.win32_1.0.0.202111181127/tools/bin/../lib/gcc/arm-none-eabi/10.3.1/../../../../arm-none-eabi/lib/thumb/v7-m/nofp\libc_nano.a(lib_a-nano-svfprintf.o)
                0x0000000008004518                __ssputs_r
 *fill*         0x00000000080045ce        0x2 
 .text._svfprintf_r
                0x00000000080045d0      0x200 c:/st/stm32cubeide_1.10.1/stm32cubeide/plugins/com.st.stm32cube.ide.mcu.externaltools.gnu-tools-for-stm32.10.3-2021.10.win32_1.0.0.202111181127/tools/bin/../lib/gcc/arm-none-eabi/10.3.1/../../../../arm-none-eabi/lib/thumb/v7-m/nofp\libc_nano.a(lib_a-nano-svfprintf.o)
                0x00000000080045d0                _svfiprintf_r
                0x00000000080045d0                _svfprintf_r
 .text._printf_common
                0x00000000080047d0       0xde c:/st/stm32cubeide_1.10.1/stm32cubeide/plugins/com.st.stm32cube.ide.mcu.externaltools.gnu-tools-for-stm32.10.3-2021.10.win32_1.0.0.202111181127/tools/bin/../lib/gcc/arm-none-eabi/10.3.1/../../../../arm-none-eabi/lib/thumb/v7-m/nofp\libc_nano.a(lib_a-nano-vfprintf_i.o)
                0x00000000080047d0                _printf_common
 *fill*         0x00000000080048ae        0x2 
 .text._printf_i
                0x00000000080048b0      0x24c c:/st/stm32cubeide_1.10.1/stm32cubeide/plugins/com.st.stm32cube.ide.mcu.externaltools.gnu-tools-for-stm32.10.3-2021.10.win32_1.0.0.202111181127/tools/bin/../lib/gcc/arm-none-eabi/10.3.1/../../../../arm-none-eabi/lib/thumb/v7-m/nofp\libc_nano.a(lib_a-nano-vfprintf_i.o)
                0x00000000080048b0                _printf_i
 .text.memchr   0x0000000008004afc       0x1c c:/st/stm32cubeide_1.10.1/stm32cubeide/plugins/com.st.stm32cube.ide.mcu.externaltools.gnu-tools-for-stm32.10.3-2021.10.win32_1.0.0.202111181127/tools/bin/../lib/gcc/arm-none-eabi/10.3.1/../../../../arm-none-eabi/lib/thumb/v7-m/nofp\libc_nano.a(lib_a-memchr-stub.o)
                0x0000000008004afc                memchr
 .text.memcpy   0x0000000008004b18       0x1c c:/st/stm32cubeide_1.10.1/stm32cubeide/plugins/com.st.stm32cube.ide.mcu.externaltools.gnu-tools-for-stm32.10.3-2021.10.win32_1.0.0.202111181127/tools/bin/../lib/gcc/arm-none-eabi/10.3.1/../../../../arm-none-eabi/lib/thumb/v7-m/nofp\libc_nano.a(lib_a-memcpy-stub.o)
                0x0000000008004b18                memcpy
 .text.memmove  0x0000000008004b34       0x34 c:/st/stm32cubeide_1.10.1/stm32cubeide/plugins/com.st.stm32cube.ide.mcu.externaltools.gnu-tools-for-stm32.10.3-2021.10.win32_1.0.0.202111181127/tools/bin/../lib/gcc/arm-none-eabi/10.3.1/../../../../arm-none-eabi/lib/thumb/v7-m/nofp\libc_nano.a(lib_a-memmove.o)
                0x0000000008004b34                memmove
 .text._free_r  0x0000000008004b68       0x90 c:/st/stm32cubeide_1.10.1/stm32cubeide/plugins/com.st.stm32cube.ide.mcu.externaltools.gnu-tools-for-stm32.10.3-2021.10.win32_1.0.0.202111181127/tools/bin/../lib/gcc/arm-none-eabi/10.3.1/../../../../arm-none-eabi/lib/thumb/v7-m/nofp\libc_nano.a(lib_a-nano-freer.o)
                0x0000000008004b68                _free_r
 .text.sbrk_aligned
                0x0000000008004bf8       0x40 c:/st/stm32cubeide_1.10.1/stm32cubeide/plugins/com.st.stm32cube.ide.mcu.externaltools.gnu-tools-for-stm32.10.3-2021.10.win32_1.0.0.202111181127/tools/bin/../lib/gcc/arm-none-eabi/10.3.1/../../../../arm-none-eabi/lib/thumb/v7-m/nofp\libc_nano.a(lib_a-nano-mallocr.o)
 .text._malloc_r
                0x0000000008004c38       0xe8 c:/st/stm32cubeide_1.10.1/stm32cubeide/plugins/com.st.stm32cube.ide.mcu.externaltools.gnu-tools-for-stm32.10.3-2021.10.win32_1.0.0.202111181127/tools/bin/../lib/gcc/arm-none-eabi/10.3.1/../../../../arm-none-eabi/lib/thumb/v7-m/nofp\libc_nano.a(lib_a-nano-mallocr.o)
                0x0000000008004c38                _malloc_r
 .text._realloc_r
                0x0000000008004d20       0x5e c:/st/stm32cubeide_1.10.1/stm32cubeide/plugins/com.st.stm32cube.ide.mcu.externaltools.gnu-tools-for-stm32.10.3-2021.10.win32_1.0.0.202111181127/tools/bin/../lib/gcc/arm-none-eabi/10.3.1/../../../../arm-none-eabi/lib/thumb/v7-m/nofp\libc_nano.a(lib_a-nano-reallocr.o)
                0x0000000008004d20                _realloc_r
 *fill*         0x0000000008004d7e        0x2 
 .text._sbrk_r  0x0000000008004d80       0x20 c:/st/stm32cubeide_1.10.1/stm32cubeide/plugins/com.st.stm32cube.ide.mcu.externaltools.gnu-tools-for-stm32.10.3-2021.10.win32_1.0.0.202111181127/tools/bin/../lib/gcc/arm-none-eabi/10.3.1/../../../../arm-none-eabi/lib/thumb/v7-m/nofp\libc_nano.a(lib_a-sbrkr.o)
                0x0000000008004d80                _sbrk_r
 .text.__malloc_lock
                0x0000000008004da0        0xc c:/st/stm32cubeide_1.10.1/stm32cubeide/plugins/com.st.stm32cube.ide.mcu.externaltools.gnu-tools-for-stm32.10.3-2021.10.win32_1.0.0.202111181127/tools/bin/../lib/gcc/arm-none-eabi/10.3.1/../../../../arm-none-eabi/lib/thumb/v7-m/nofp\libc_nano.a(lib_a-mlock.o)
                0x0000000008004da0                __malloc_lock
 .text.__malloc_unlock
                0x0000000008004dac        0xc c:/st/stm32cubeide_1.10.1/stm32cubeide/plugins/com.st.stm32cube.ide.mcu.externaltools.gnu-tools-for-stm32.10.3-2021.10.win32_1.0.0.202111181127/tools/bin/../lib/gcc/arm-none-eabi/10.3.1/../../../../arm-none-eabi/lib/thumb/v7-m/nofp\libc_nano.a(lib_a-mlock.o)
                0x0000000008004dac                __malloc_unlock
 .text._malloc_usable_size_r
                0x0000000008004db8       0x10 c:/st/stm32cubeide_1.10.1/stm32cubeide/plugins/com.st.stm32cube.ide.mcu.externaltools.gnu-tools-for-stm32.10.3-2021.10.win32_1.0.0.202111181127/tools/bin/../lib/gcc/arm-none-eabi/10.3.1/../../../../arm-none-eabi/lib/thumb/v7-m/nofp\libc_nano.a(lib_a-nano-msizer.o)
                0x0000000008004db8                _malloc_usable_size_r
 .text.__retarget_lock_acquire_recursive
                0x0000000008004dc8        0x2 c:/st/stm32cubeide_1.10.1/stm32cubeide/plugins/com.st.stm32cube.ide.mcu.externaltools.gnu-tools-for-stm32.10.3-2021.10.win32_1.0.0.202111181127/tools/bin/../lib/gcc/arm-none-eabi/10.3.1/../../../../arm-none-eabi/lib/thumb/v7-m/nofp\libc_nano.a(lib_a-lock.o)
                0x0000000008004dc8                __retarget_lock_acquire_recursive
 .text.__retarget_lock_release_recursive
                0x0000000008004dca        0x2 c:/st/stm32cubeide_1.10.1/stm32cubeide/plugins/com.st.stm32cube.ide.mcu.externaltools.gnu-tools-for-stm32.10.3-2021.10.win32_1.0.0.202111181127/tools/bin/../lib/gcc/arm-none-eabi/10.3.1/../../../../arm-none-eabi/lib/thumb/v7-m/nofp\libc_nano.a(lib_a-lock.o)
                0x0000000008004dca                __retarget_lock_release_recursive
 *(.glue_7)
 .glue_7        0x0000000008004dcc        0x0 linker stubs
 *(.glue_7t)
 .glue_7t       0x0000000008004dcc        0x0 linker stubs
 *(.eh_frame)
 .eh_frame      0x0000000008004dcc        0x0 c:/st/stm32cubeide_1.10.1/stm32cubeide/plugins/com.st.stm32cube.ide.mcu.externaltools.gnu-tools-for-stm32.10.3-2021.10.win32_1.0.0.202111181127/tools/bin/../lib/gcc/arm-none-eabi/10.3.1/thumb/v7-m/nofp/crtbegin.o
 *(.init)
 .init          0x0000000008004dcc        0x4 c:/st/stm32cubeide_1.10.1/stm32cubeide/plugins/com.st.stm32cube.ide.mcu.externaltools.gnu-tools-for-stm32.10.3-2021.10.win32_1.0.0.202111181127/tools/bin/../lib/gcc/arm-none-eabi/10.3.1/thumb/v7-m/nofp/crti.o
                0x0000000008004dcc                _init
 .init          0x0000000008004dd0        0x8 c:/st/stm32cubeide_1.10.1/stm32cubeide/plugins/com.st.stm32cube.ide.mcu.externaltools.gnu-tools-for-stm32.10.3-2021.10.win32_1.0.0.202111181127/tools/bin/../lib/gcc/arm-none-eabi/10.3.1/thumb/v7-m/nofp/crtn.o
 *(.fini)
 .fini          0x0000000008004dd8        0x4 c:/st/stm32cubeide_1.10.1/stm32cubeide/plugins/com.st.stm32cube.ide.mcu.externaltools.gnu-tools-for-stm32.10.3-2021.10.win32_1.0.0.202111181127/tools/bin/../lib/gcc/arm-none-eabi/10.3.1/thumb/v7-m/nofp/crti.o
                0x0000000008004dd8                _fini
 .fini          0x0000000008004ddc        0x8 c:/st/stm32cubeide_1.10.1/stm32cubeide/plugins/com.st.stm32cube.ide.mcu.externaltools.gnu-tools-for-stm32.10.3-2021.10.win32_1.0.0.202111181127/tools/bin/../lib/gcc/arm-none-eabi/10.3.1/thumb/v7-m/nofp/crtn.o
                0x0000000008004de4                . = ALIGN (0x4)
                0x0000000008004de4                _etext = .

.vfp11_veneer   0x0000000008004de4        0x0
 .vfp11_veneer  0x0000000008004de4        0x0 linker stubs

.v4_bx          0x0000000008004de4        0x0
 .v4_bx         0x0000000008004de4        0x0 linker stubs

.iplt           0x0000000008004de4        0x0
 .iplt          0x0000000008004de4        0x0 c:/st/stm32cubeide_1.10.1/stm32cubeide/plugins/com.st.stm32cube.ide.mcu.externaltools.gnu-tools-for-stm32.10.3-2021.10.win32_1.0.0.202111181127/tools/bin/../lib/gcc/arm-none-eabi/10.3.1/thumb/v7-m/nofp/crtbegin.o

.rodata         0x0000000008004de4     0x17d8
                0x0000000008004de4                . = ALIGN (0x4)
 *(.rodata)
 .rodata        0x0000000008004de4      0x2b4 ./Core/Src/DrowingLCD.o
 .rodata        0x0000000008005098       0x10 ./Drivers/STM32F1xx_HAL_Driver/Src/stm32f1xx_hal_rcc.o
 *(.rodata*)
 .rodata.Font7x10
                0x00000000080050a8      0x76c ./Core/Src/fonts.o
                0x00000000080050a8                Font7x10
 .rodata.Font11x18
                0x0000000008005814      0xd5c ./Core/Src/fonts.o
                0x0000000008005814                Font11x18
 .rodata.AHBPrescTable
                0x0000000008006570       0x10 ./Core/Src/system_stm32f1xx.o
                0x0000000008006570                AHBPrescTable
 .rodata.APBPrescTable
                0x0000000008006580        0x8 ./Core/Src/system_stm32f1xx.o
                0x0000000008006580                APBPrescTable
 .rodata._svfprintf_r.str1.1
                0x0000000008006588       0x11 c:/st/stm32cubeide_1.10.1/stm32cubeide/plugins/com.st.stm32cube.ide.mcu.externaltools.gnu-tools-for-stm32.10.3-2021.10.win32_1.0.0.202111181127/tools/bin/../lib/gcc/arm-none-eabi/10.3.1/../../../../arm-none-eabi/lib/thumb/v7-m/nofp\libc_nano.a(lib_a-nano-svfprintf.o)
 .rodata._printf_i.str1.1
                0x0000000008006599       0x22 c:/st/stm32cubeide_1.10.1/stm32cubeide/plugins/com.st.stm32cube.ide.mcu.externaltools.gnu-tools-for-stm32.10.3-2021.10.win32_1.0.0.202111181127/tools/bin/../lib/gcc/arm-none-eabi/10.3.1/../../../../arm-none-eabi/lib/thumb/v7-m/nofp\libc_nano.a(lib_a-nano-vfprintf_i.o)
                0x00000000080065bc                . = ALIGN (0x4)
 *fill*         0x00000000080065bb        0x1 

.rel.dyn        0x00000000080065bc        0x0
 .rel.iplt      0x00000000080065bc        0x0 c:/st/stm32cubeide_1.10.1/stm32cubeide/plugins/com.st.stm32cube.ide.mcu.externaltools.gnu-tools-for-stm32.10.3-2021.10.win32_1.0.0.202111181127/tools/bin/../lib/gcc/arm-none-eabi/10.3.1/thumb/v7-m/nofp/crtbegin.o

.ARM.extab      0x00000000080065bc        0x0
                0x00000000080065bc                . = ALIGN (0x4)
 *(.ARM.extab* .gnu.linkonce.armextab.*)
                0x00000000080065bc                . = ALIGN (0x4)

.ARM            0x00000000080065bc        0x0
                0x00000000080065bc                . = ALIGN (0x4)
                0x00000000080065bc                __exidx_start = .
 *(.ARM.exidx*)
                0x00000000080065bc                __exidx_end = .
                0x00000000080065bc                . = ALIGN (0x4)

.preinit_array  0x00000000080065bc        0x0
                0x00000000080065bc                . = ALIGN (0x4)
                0x00000000080065bc                PROVIDE (__preinit_array_start = .)
 *(.preinit_array*)
                0x00000000080065bc                PROVIDE (__preinit_array_end = .)
                0x00000000080065bc                . = ALIGN (0x4)

.init_array     0x00000000080065bc        0x4
                0x00000000080065bc                . = ALIGN (0x4)
                0x00000000080065bc                PROVIDE (__init_array_start = .)
 *(SORT_BY_NAME(.init_array.*))
 *(.init_array*)
 .init_array    0x00000000080065bc        0x4 c:/st/stm32cubeide_1.10.1/stm32cubeide/plugins/com.st.stm32cube.ide.mcu.externaltools.gnu-tools-for-stm32.10.3-2021.10.win32_1.0.0.202111181127/tools/bin/../lib/gcc/arm-none-eabi/10.3.1/thumb/v7-m/nofp/crtbegin.o
                0x00000000080065c0                PROVIDE (__init_array_end = .)
                0x00000000080065c0                . = ALIGN (0x4)

.fini_array     0x00000000080065c0        0x4
                0x00000000080065c0                . = ALIGN (0x4)
                [!provide]                        PROVIDE (__fini_array_start = .)
 *(SORT_BY_NAME(.fini_array.*))
 *(.fini_array*)
 .fini_array    0x00000000080065c0        0x4 c:/st/stm32cubeide_1.10.1/stm32cubeide/plugins/com.st.stm32cube.ide.mcu.externaltools.gnu-tools-for-stm32.10.3-2021.10.win32_1.0.0.202111181127/tools/bin/../lib/gcc/arm-none-eabi/10.3.1/thumb/v7-m/nofp/crtbegin.o
                [!provide]                        PROVIDE (__fini_array_end = .)
                0x00000000080065c4                . = ALIGN (0x4)
                0x00000000080065c4                _sidata = LOADADDR (.data)

.data           0x0000000020000000       0x80 load address 0x00000000080065c4
                0x0000000020000000                . = ALIGN (0x4)
                0x0000000020000000                _sdata = .
 *(.data)
 *(.data*)
 .data.Font_7x10
                0x0000000020000000        0x8 ./Core/Src/fonts.o
                0x0000000020000000                Font_7x10
 .data.Font_11x18
                0x0000000020000008        0x8 ./Core/Src/fonts.o
                0x0000000020000008                Font_11x18
 .data.SystemCoreClock
                0x0000000020000010        0x4 ./Core/Src/system_stm32f1xx.o
                0x0000000020000010                SystemCoreClock
 .data.uwTickPrio
                0x0000000020000014        0x4 ./Drivers/STM32F1xx_HAL_Driver/Src/stm32f1xx_hal.o
                0x0000000020000014                uwTickPrio
 .data.uwTickFreq
                0x0000000020000018        0x1 ./Drivers/STM32F1xx_HAL_Driver/Src/stm32f1xx_hal.o
                0x0000000020000018                uwTickFreq
 *fill*         0x0000000020000019        0x3 
 .data._impure_ptr
                0x000000002000001c        0x4 c:/st/stm32cubeide_1.10.1/stm32cubeide/plugins/com.st.stm32cube.ide.mcu.externaltools.gnu-tools-for-stm32.10.3-2021.10.win32_1.0.0.202111181127/tools/bin/../lib/gcc/arm-none-eabi/10.3.1/../../../../arm-none-eabi/lib/thumb/v7-m/nofp\libc_nano.a(lib_a-impure.o)
                0x000000002000001c                _impure_ptr
 .data.impure_data
                0x0000000020000020       0x60 c:/st/stm32cubeide_1.10.1/stm32cubeide/plugins/com.st.stm32cube.ide.mcu.externaltools.gnu-tools-for-stm32.10.3-2021.10.win32_1.0.0.202111181127/tools/bin/../lib/gcc/arm-none-eabi/10.3.1/../../../../arm-none-eabi/lib/thumb/v7-m/nofp\libc_nano.a(lib_a-impure.o)
 *(.RamFunc)
 *(.RamFunc*)
                0x0000000020000080                . = ALIGN (0x4)
                0x0000000020000080                _edata = .

.igot.plt       0x0000000020000080        0x0 load address 0x0000000008006644
 .igot.plt      0x0000000020000080        0x0 c:/st/stm32cubeide_1.10.1/stm32cubeide/plugins/com.st.stm32cube.ide.mcu.externaltools.gnu-tools-for-stm32.10.3-2021.10.win32_1.0.0.202111181127/tools/bin/../lib/gcc/arm-none-eabi/10.3.1/thumb/v7-m/nofp/crtbegin.o
                0x0000000020000080                . = ALIGN (0x4)

.bss            0x0000000020000080      0x500 load address 0x0000000008006644
                0x0000000020000080                _sbss = .
                0x0000000020000080                __bss_start__ = _sbss
 *(.bss)
 .bss           0x0000000020000080       0x1c c:/st/stm32cubeide_1.10.1/stm32cubeide/plugins/com.st.stm32cube.ide.mcu.externaltools.gnu-tools-for-stm32.10.3-2021.10.win32_1.0.0.202111181127/tools/bin/../lib/gcc/arm-none-eabi/10.3.1/thumb/v7-m/nofp/crtbegin.o
 *(.bss*)
 .bss.RHI       0x000000002000009c        0x1 ./Core/Src/DHT11.o
                0x000000002000009c                RHI
 .bss.RHD       0x000000002000009d        0x1 ./Core/Src/DHT11.o
                0x000000002000009d                RHD
 .bss.TCI       0x000000002000009e        0x1 ./Core/Src/DHT11.o
                0x000000002000009e                TCI
 .bss.TCD       0x000000002000009f        0x1 ./Core/Src/DHT11.o
                0x000000002000009f                TCD
 .bss.SUM       0x00000000200000a0        0x1 ./Core/Src/DHT11.o
                0x00000000200000a0                SUM
 *fill*         0x00000000200000a1        0x3 
 .bss.pMillis   0x00000000200000a4        0x4 ./Core/Src/DHT11.o
                0x00000000200000a4                pMillis
 .bss.cMillis   0x00000000200000a8        0x4 ./Core/Src/DHT11.o
                0x00000000200000a8                cMillis
 .bss.tCelsius  0x00000000200000ac        0x4 ./Core/Src/DHT11.o
                0x00000000200000ac                tCelsius
 .bss.tFahrenheit
                0x00000000200000b0        0x4 ./Core/Src/DHT11.o
                0x00000000200000b0                tFahrenheit
 .bss.RH        0x00000000200000b4        0x4 ./Core/Src/DHT11.o
                0x00000000200000b4                RH
 .bss.TFI       0x00000000200000b8        0x1 ./Core/Src/DHT11.o
                0x00000000200000b8                TFI
 .bss.TFD       0x00000000200000b9        0x1 ./Core/Src/DHT11.o
                0x00000000200000b9                TFD
 *fill*         0x00000000200000ba        0x2 
 .bss.hi2c1     0x00000000200000bc       0x54 ./Core/Src/main.o
                0x00000000200000bc                hi2c1
 .bss.htim1     0x0000000020000110       0x48 ./Core/Src/main.o
                0x0000000020000110                htim1
 .bss.MainMeun  0x0000000020000158        0x4 ./Core/Src/main.o
                0x0000000020000158                MainMeun
 .bss.IndexMune
                0x000000002000015c        0x4 ./Core/Src/main.o
                0x000000002000015c                IndexMune
 .bss.SSD1306_Buffer
                0x0000000020000160      0x400 ./Core/Src/ssd1306.o
 .bss.SSD1306   0x0000000020000560        0x6 ./Core/Src/ssd1306.o
 *fill*         0x0000000020000566        0x2 
 .bss.__sbrk_heap_end
                0x0000000020000568        0x4 ./Core/Src/sysmem.o
 .bss.uwTick    0x000000002000056c        0x4 ./Drivers/STM32F1xx_HAL_Driver/Src/stm32f1xx_hal.o
                0x000000002000056c                uwTick
 .bss.__malloc_free_list
                0x0000000020000570        0x4 c:/st/stm32cubeide_1.10.1/stm32cubeide/plugins/com.st.stm32cube.ide.mcu.externaltools.gnu-tools-for-stm32.10.3-2021.10.win32_1.0.0.202111181127/tools/bin/../lib/gcc/arm-none-eabi/10.3.1/../../../../arm-none-eabi/lib/thumb/v7-m/nofp\libc_nano.a(lib_a-nano-mallocr.o)
                0x0000000020000570                __malloc_free_list
 .bss.__malloc_sbrk_start
                0x0000000020000574        0x4 c:/st/stm32cubeide_1.10.1/stm32cubeide/plugins/com.st.stm32cube.ide.mcu.externaltools.gnu-tools-for-stm32.10.3-2021.10.win32_1.0.0.202111181127/tools/bin/../lib/gcc/arm-none-eabi/10.3.1/../../../../arm-none-eabi/lib/thumb/v7-m/nofp\libc_nano.a(lib_a-nano-mallocr.o)
                0x0000000020000574                __malloc_sbrk_start
 .bss.errno     0x0000000020000578        0x4 c:/st/stm32cubeide_1.10.1/stm32cubeide/plugins/com.st.stm32cube.ide.mcu.externaltools.gnu-tools-for-stm32.10.3-2021.10.win32_1.0.0.202111181127/tools/bin/../lib/gcc/arm-none-eabi/10.3.1/../../../../arm-none-eabi/lib/thumb/v7-m/nofp\libc_nano.a(lib_a-reent.o)
                0x0000000020000578                errno
 .bss.__lock___malloc_recursive_mutex
                0x000000002000057c        0x1 c:/st/stm32cubeide_1.10.1/stm32cubeide/plugins/com.st.stm32cube.ide.mcu.externaltools.gnu-tools-for-stm32.10.3-2021.10.win32_1.0.0.202111181127/tools/bin/../lib/gcc/arm-none-eabi/10.3.1/../../../../arm-none-eabi/lib/thumb/v7-m/nofp\libc_nano.a(lib_a-lock.o)
                0x000000002000057c                __lock___malloc_recursive_mutex
 *(COMMON)
                0x0000000020000580                . = ALIGN (0x4)
 *fill*         0x000000002000057d        0x3 
                0x0000000020000580                _ebss = .
                0x0000000020000580                __bss_end__ = _ebss

._user_heap_stack
                0x0000000020000580      0x600 load address 0x0000000008006644
                0x0000000020000580                . = ALIGN (0x8)
                [!provide]                        PROVIDE (end = .)
                0x0000000020000580                PROVIDE (_end = .)
                0x0000000020000780                . = (. + _Min_Heap_Size)
 *fill*         0x0000000020000580      0x200 
                0x0000000020000b80                . = (. + _Min_Stack_Size)
 *fill*         0x0000000020000780      0x400 
                0x0000000020000b80                . = ALIGN (0x8)

/DISCARD/
 libc.a(*)
 libm.a(*)
 libgcc.a(*)

.ARM.attributes
                0x0000000000000000       0x29
 *(.ARM.attributes)
 .ARM.attributes
                0x0000000000000000       0x1d c:/st/stm32cubeide_1.10.1/stm32cubeide/plugins/com.st.stm32cube.ide.mcu.externaltools.gnu-tools-for-stm32.10.3-2021.10.win32_1.0.0.202111181127/tools/bin/../lib/gcc/arm-none-eabi/10.3.1/thumb/v7-m/nofp/crti.o
 .ARM.attributes
                0x000000000000001d       0x2d c:/st/stm32cubeide_1.10.1/stm32cubeide/plugins/com.st.stm32cube.ide.mcu.externaltools.gnu-tools-for-stm32.10.3-2021.10.win32_1.0.0.202111181127/tools/bin/../lib/gcc/arm-none-eabi/10.3.1/thumb/v7-m/nofp/crtbegin.o
 .ARM.attributes
                0x000000000000004a       0x2d ./Core/Src/DHT11.o
 .ARM.attributes
                0x0000000000000077       0x2d ./Core/Src/DrowingLCD.o
 .ARM.attributes
                0x00000000000000a4       0x2d ./Core/Src/EventClicks.o
 .ARM.attributes
                0x00000000000000d1       0x2d ./Core/Src/fonts.o
 .ARM.attributes
                0x00000000000000fe       0x2d ./Core/Src/main.o
 .ARM.attributes
                0x000000000000012b       0x2d ./Core/Src/ssd1306.o
 .ARM.attributes
                0x0000000000000158       0x2d ./Core/Src/stm32f1xx_hal_msp.o
 .ARM.attributes
                0x0000000000000185       0x2d ./Core/Src/stm32f1xx_it.o
 .ARM.attributes
                0x00000000000001b2       0x2d ./Core/Src/sysmem.o
 .ARM.attributes
                0x00000000000001df       0x2d ./Core/Src/system_stm32f1xx.o
 .ARM.attributes
                0x000000000000020c       0x21 ./Core/Startup/startup_stm32f103c8tx.o
 .ARM.attributes
                0x000000000000022d       0x2d ./Drivers/STM32F1xx_HAL_Driver/Src/stm32f1xx_hal.o
 .ARM.attributes
                0x000000000000025a       0x2d ./Drivers/STM32F1xx_HAL_Driver/Src/stm32f1xx_hal_cortex.o
 .ARM.attributes
                0x0000000000000287       0x2d ./Drivers/STM32F1xx_HAL_Driver/Src/stm32f1xx_hal_gpio.o
 .ARM.attributes
                0x00000000000002b4       0x2d ./Drivers/STM32F1xx_HAL_Driver/Src/stm32f1xx_hal_i2c.o
 .ARM.attributes
                0x00000000000002e1       0x2d ./Drivers/STM32F1xx_HAL_Driver/Src/stm32f1xx_hal_rcc.o
 .ARM.attributes
                0x000000000000030e       0x2d ./Drivers/STM32F1xx_HAL_Driver/Src/stm32f1xx_hal_tim.o
 .ARM.attributes
                0x000000000000033b       0x2d ./Drivers/STM32F1xx_HAL_Driver/Src/stm32f1xx_hal_tim_ex.o
 .ARM.attributes
                0x0000000000000368       0x2d c:/st/stm32cubeide_1.10.1/stm32cubeide/plugins/com.st.stm32cube.ide.mcu.externaltools.gnu-tools-for-stm32.10.3-2021.10.win32_1.0.0.202111181127/tools/bin/../lib/gcc/arm-none-eabi/10.3.1/../../../../arm-none-eabi/lib/thumb/v7-m/nofp\libc_nano.a(lib_a-errno.o)
 .ARM.attributes
                0x0000000000000395       0x2d c:/st/stm32cubeide_1.10.1/stm32cubeide/plugins/com.st.stm32cube.ide.mcu.externaltools.gnu-tools-for-stm32.10.3-2021.10.win32_1.0.0.202111181127/tools/bin/../lib/gcc/arm-none-eabi/10.3.1/../../../../arm-none-eabi/lib/thumb/v7-m/nofp\libc_nano.a(lib_a-impure.o)
 .ARM.attributes
                0x00000000000003c2       0x2d c:/st/stm32cubeide_1.10.1/stm32cubeide/plugins/com.st.stm32cube.ide.mcu.externaltools.gnu-tools-for-stm32.10.3-2021.10.win32_1.0.0.202111181127/tools/bin/../lib/gcc/arm-none-eabi/10.3.1/../../../../arm-none-eabi/lib/thumb/v7-m/nofp\libc_nano.a(lib_a-init.o)
 .ARM.attributes
                0x00000000000003ef       0x2d c:/st/stm32cubeide_1.10.1/stm32cubeide/plugins/com.st.stm32cube.ide.mcu.externaltools.gnu-tools-for-stm32.10.3-2021.10.win32_1.0.0.202111181127/tools/bin/../lib/gcc/arm-none-eabi/10.3.1/../../../../arm-none-eabi/lib/thumb/v7-m/nofp\libc_nano.a(lib_a-memset.o)
 .ARM.attributes
                0x000000000000041c       0x2d c:/st/stm32cubeide_1.10.1/stm32cubeide/plugins/com.st.stm32cube.ide.mcu.externaltools.gnu-tools-for-stm32.10.3-2021.10.win32_1.0.0.202111181127/tools/bin/../lib/gcc/arm-none-eabi/10.3.1/../../../../arm-none-eabi/lib/thumb/v7-m/nofp\libc_nano.a(lib_a-sprintf.o)
 .ARM.attributes
                0x0000000000000449       0x2d c:/st/stm32cubeide_1.10.1/stm32cubeide/plugins/com.st.stm32cube.ide.mcu.externaltools.gnu-tools-for-stm32.10.3-2021.10.win32_1.0.0.202111181127/tools/bin/../lib/gcc/arm-none-eabi/10.3.1/../../../../arm-none-eabi/lib/thumb/v7-m/nofp\libc_nano.a(lib_a-nano-svfprintf.o)
 .ARM.attributes
                0x0000000000000476       0x2d c:/st/stm32cubeide_1.10.1/stm32cubeide/plugins/com.st.stm32cube.ide.mcu.externaltools.gnu-tools-for-stm32.10.3-2021.10.win32_1.0.0.202111181127/tools/bin/../lib/gcc/arm-none-eabi/10.3.1/../../../../arm-none-eabi/lib/thumb/v7-m/nofp\libc_nano.a(lib_a-nano-vfprintf_i.o)
 .ARM.attributes
                0x00000000000004a3       0x2d c:/st/stm32cubeide_1.10.1/stm32cubeide/plugins/com.st.stm32cube.ide.mcu.externaltools.gnu-tools-for-stm32.10.3-2021.10.win32_1.0.0.202111181127/tools/bin/../lib/gcc/arm-none-eabi/10.3.1/../../../../arm-none-eabi/lib/thumb/v7-m/nofp\libc_nano.a(lib_a-memchr-stub.o)
 .ARM.attributes
                0x00000000000004d0       0x2d c:/st/stm32cubeide_1.10.1/stm32cubeide/plugins/com.st.stm32cube.ide.mcu.externaltools.gnu-tools-for-stm32.10.3-2021.10.win32_1.0.0.202111181127/tools/bin/../lib/gcc/arm-none-eabi/10.3.1/../../../../arm-none-eabi/lib/thumb/v7-m/nofp\libc_nano.a(lib_a-memcpy-stub.o)
 .ARM.attributes
                0x00000000000004fd       0x2d c:/st/stm32cubeide_1.10.1/stm32cubeide/plugins/com.st.stm32cube.ide.mcu.externaltools.gnu-tools-for-stm32.10.3-2021.10.win32_1.0.0.202111181127/tools/bin/../lib/gcc/arm-none-eabi/10.3.1/../../../../arm-none-eabi/lib/thumb/v7-m/nofp\libc_nano.a(lib_a-memmove.o)
 .ARM.attributes
                0x000000000000052a       0x2d c:/st/stm32cubeide_1.10.1/stm32cubeide/plugins/com.st.stm32cube.ide.mcu.externaltools.gnu-tools-for-stm32.10.3-2021.10.win32_1.0.0.202111181127/tools/bin/../lib/gcc/arm-none-eabi/10.3.1/../../../../arm-none-eabi/lib/thumb/v7-m/nofp\libc_nano.a(lib_a-nano-freer.o)
 .ARM.attributes
                0x0000000000000557       0x2d c:/st/stm32cubeide_1.10.1/stm32cubeide/plugins/com.st.stm32cube.ide.mcu.externaltools.gnu-tools-for-stm32.10.3-2021.10.win32_1.0.0.202111181127/tools/bin/../lib/gcc/arm-none-eabi/10.3.1/../../../../arm-none-eabi/lib/thumb/v7-m/nofp\libc_nano.a(lib_a-nano-mallocr.o)
 .ARM.attributes
                0x0000000000000584       0x2d c:/st/stm32cubeide_1.10.1/stm32cubeide/plugins/com.st.stm32cube.ide.mcu.externaltools.gnu-tools-for-stm32.10.3-2021.10.win32_1.0.0.202111181127/tools/bin/../lib/gcc/arm-none-eabi/10.3.1/../../../../arm-none-eabi/lib/thumb/v7-m/nofp\libc_nano.a(lib_a-nano-reallocr.o)
 .ARM.attributes
                0x00000000000005b1       0x2d c:/st/stm32cubeide_1.10.1/stm32cubeide/plugins/com.st.stm32cube.ide.mcu.externaltools.gnu-tools-for-stm32.10.3-2021.10.win32_1.0.0.202111181127/tools/bin/../lib/gcc/arm-none-eabi/10.3.1/../../../../arm-none-eabi/lib/thumb/v7-m/nofp\libc_nano.a(lib_a-sbrkr.o)
 .ARM.attributes
                0x00000000000005de       0x2d c:/st/stm32cubeide_1.10.1/stm32cubeide/plugins/com.st.stm32cube.ide.mcu.externaltools.gnu-tools-for-stm32.10.3-2021.10.win32_1.0.0.202111181127/tools/bin/../lib/gcc/arm-none-eabi/10.3.1/../../../../arm-none-eabi/lib/thumb/v7-m/nofp\libc_nano.a(lib_a-mlock.o)
 .ARM.attributes
                0x000000000000060b       0x2d c:/st/stm32cubeide_1.10.1/stm32cubeide/plugins/com.st.stm32cube.ide.mcu.externaltools.gnu-tools-for-stm32.10.3-2021.10.win32_1.0.0.202111181127/tools/bin/../lib/gcc/arm-none-eabi/10.3.1/../../../../arm-none-eabi/lib/thumb/v7-m/nofp\libc_nano.a(lib_a-nano-msizer.o)
 .ARM.attributes
                0x0000000000000638       0x2d c:/st/stm32cubeide_1.10.1/stm32cubeide/plugins/com.st.stm32cube.ide.mcu.externaltools.gnu-tools-for-stm32.10.3-2021.10.win32_1.0.0.202111181127/tools/bin/../lib/gcc/arm-none-eabi/10.3.1/../../../../arm-none-eabi/lib/thumb/v7-m/nofp\libc_nano.a(lib_a-reent.o)
 .ARM.attributes
                0x0000000000000665       0x2d c:/st/stm32cubeide_1.10.1/stm32cubeide/plugins/com.st.stm32cube.ide.mcu.externaltools.gnu-tools-for-stm32.10.3-2021.10.win32_1.0.0.202111181127/tools/bin/../lib/gcc/arm-none-eabi/10.3.1/../../../../arm-none-eabi/lib/thumb/v7-m/nofp\libc_nano.a(lib_a-lock.o)
 .ARM.attributes
                0x0000000000000692       0x1d c:/st/stm32cubeide_1.10.1/stm32cubeide/plugins/com.st.stm32cube.ide.mcu.externaltools.gnu-tools-for-stm32.10.3-2021.10.win32_1.0.0.202111181127/tools/bin/../lib/gcc/arm-none-eabi/10.3.1/thumb/v7-m/nofp\libgcc.a(_arm_addsubdf3.o)
 .ARM.attributes
                0x00000000000006af       0x1d c:/st/stm32cubeide_1.10.1/stm32cubeide/plugins/com.st.stm32cube.ide.mcu.externaltools.gnu-tools-for-stm32.10.3-2021.10.win32_1.0.0.202111181127/tools/bin/../lib/gcc/arm-none-eabi/10.3.1/thumb/v7-m/nofp\libgcc.a(_arm_muldivdf3.o)
 .ARM.attributes
                0x00000000000006cc       0x1d c:/st/stm32cubeide_1.10.1/stm32cubeide/plugins/com.st.stm32cube.ide.mcu.externaltools.gnu-tools-for-stm32.10.3-2021.10.win32_1.0.0.202111181127/tools/bin/../lib/gcc/arm-none-eabi/10.3.1/thumb/v7-m/nofp\libgcc.a(_arm_truncdfsf2.o)
 .ARM.attributes
                0x00000000000006e9       0x1d c:/st/stm32cubeide_1.10.1/stm32cubeide/plugins/com.st.stm32cube.ide.mcu.externaltools.gnu-tools-for-stm32.10.3-2021.10.win32_1.0.0.202111181127/tools/bin/../lib/gcc/arm-none-eabi/10.3.1/thumb/v7-m/nofp\libgcc.a(_arm_addsubsf3.o)
 .ARM.attributes
                0x0000000000000706       0x1d c:/st/stm32cubeide_1.10.1/stm32cubeide/plugins/com.st.stm32cube.ide.mcu.externaltools.gnu-tools-for-stm32.10.3-2021.10.win32_1.0.0.202111181127/tools/bin/../lib/gcc/arm-none-eabi/10.3.1/thumb/v7-m/nofp\libgcc.a(_arm_muldivsf3.o)
 .ARM.attributes
                0x0000000000000723       0x1d c:/st/stm32cubeide_1.10.1/stm32cubeide/plugins/com.st.stm32cube.ide.mcu.externaltools.gnu-tools-for-stm32.10.3-2021.10.win32_1.0.0.202111181127/tools/bin/../lib/gcc/arm-none-eabi/10.3.1/thumb/v7-m/nofp\libgcc.a(_arm_fixunssfsi.o)
 .ARM.attributes
                0x0000000000000740       0x1d c:/st/stm32cubeide_1.10.1/stm32cubeide/plugins/com.st.stm32cube.ide.mcu.externaltools.gnu-tools-for-stm32.10.3-2021.10.win32_1.0.0.202111181127/tools/bin/../lib/gcc/arm-none-eabi/10.3.1/thumb/v7-m/nofp/crtn.o
OUTPUT(IRProject.elf elf32-littlearm)
LOAD linker stubs
LOAD c:/st/stm32cubeide_1.10.1/stm32cubeide/plugins/com.st.stm32cube.ide.mcu.externaltools.gnu-tools-for-stm32.10.3-2021.10.win32_1.0.0.202111181127/tools/bin/../lib/gcc/arm-none-eabi/10.3.1/../../../../arm-none-eabi/lib/thumb/v7-m/nofp\libc.a
LOAD c:/st/stm32cubeide_1.10.1/stm32cubeide/plugins/com.st.stm32cube.ide.mcu.externaltools.gnu-tools-for-stm32.10.3-2021.10.win32_1.0.0.202111181127/tools/bin/../lib/gcc/arm-none-eabi/10.3.1/../../../../arm-none-eabi/lib/thumb/v7-m/nofp\libm.a
LOAD c:/st/stm32cubeide_1.10.1/stm32cubeide/plugins/com.st.stm32cube.ide.mcu.externaltools.gnu-tools-for-stm32.10.3-2021.10.win32_1.0.0.202111181127/tools/bin/../lib/gcc/arm-none-eabi/10.3.1/thumb/v7-m/nofp\libgcc.a

.debug_info     0x0000000000000000     0xca1d
 .debug_info    0x0000000000000000      0x408 ./Core/Src/DHT11.o
 .debug_info    0x0000000000000408      0x5ac ./Core/Src/DrowingLCD.o
 .debug_info    0x00000000000009b4      0x2a1 ./Core/Src/EventClicks.o
 .debug_info    0x0000000000000c55      0x27a ./Core/Src/fonts.o
 .debug_info    0x0000000000000ecf     0x118d ./Core/Src/main.o
 .debug_info    0x000000000000205c     0x1114 ./Core/Src/ssd1306.o
 .debug_info    0x0000000000003170      0xc91 ./Core/Src/stm32f1xx_hal_msp.o
 .debug_info    0x0000000000003e01      0x15e ./Core/Src/stm32f1xx_it.o
 .debug_info    0x0000000000003f5f      0x171 ./Core/Src/sysmem.o
 .debug_info    0x00000000000040d0      0x23d ./Core/Src/system_stm32f1xx.o
 .debug_info    0x000000000000430d       0x22 ./Core/Startup/startup_stm32f103c8tx.o
 .debug_info    0x000000000000432f      0x734 ./Drivers/STM32F1xx_HAL_Driver/Src/stm32f1xx_hal.o
 .debug_info    0x0000000000004a63      0xb20 ./Drivers/STM32F1xx_HAL_Driver/Src/stm32f1xx_hal_cortex.o
 .debug_info    0x0000000000005583      0x615 ./Drivers/STM32F1xx_HAL_Driver/Src/stm32f1xx_hal_gpio.o
 .debug_info    0x0000000000005b98     0x2734 ./Drivers/STM32F1xx_HAL_Driver/Src/stm32f1xx_hal_i2c.o
 .debug_info    0x00000000000082cc      0x860 ./Drivers/STM32F1xx_HAL_Driver/Src/stm32f1xx_hal_rcc.o
 .debug_info    0x0000000000008b2c     0x29de ./Drivers/STM32F1xx_HAL_Driver/Src/stm32f1xx_hal_tim.o
 .debug_info    0x000000000000b50a     0x1513 ./Drivers/STM32F1xx_HAL_Driver/Src/stm32f1xx_hal_tim_ex.o

.debug_abbrev   0x0000000000000000     0x2117
 .debug_abbrev  0x0000000000000000      0x1e5 ./Core/Src/DHT11.o
 .debug_abbrev  0x00000000000001e5      0x242 ./Core/Src/DrowingLCD.o
 .debug_abbrev  0x0000000000000427      0x14d ./Core/Src/EventClicks.o
 .debug_abbrev  0x0000000000000574      0x111 ./Core/Src/fonts.o
 .debug_abbrev  0x0000000000000685      0x2b7 ./Core/Src/main.o
 .debug_abbrev  0x000000000000093c      0x2f8 ./Core/Src/ssd1306.o
 .debug_abbrev  0x0000000000000c34      0x1a7 ./Core/Src/stm32f1xx_hal_msp.o
 .debug_abbrev  0x0000000000000ddb       0x9f ./Core/Src/stm32f1xx_it.o
 .debug_abbrev  0x0000000000000e7a       0xbb ./Core/Src/sysmem.o
 .debug_abbrev  0x0000000000000f35      0x13b ./Core/Src/system_stm32f1xx.o
 .debug_abbrev  0x0000000000001070       0x12 ./Core/Startup/startup_stm32f103c8tx.o
 .debug_abbrev  0x0000000000001082      0x1fb ./Drivers/STM32F1xx_HAL_Driver/Src/stm32f1xx_hal.o
 .debug_abbrev  0x000000000000127d      0x2ed ./Drivers/STM32F1xx_HAL_Driver/Src/stm32f1xx_hal_cortex.o
 .debug_abbrev  0x000000000000156a      0x1bb ./Drivers/STM32F1xx_HAL_Driver/Src/stm32f1xx_hal_gpio.o
 .debug_abbrev  0x0000000000001725      0x288 ./Drivers/STM32F1xx_HAL_Driver/Src/stm32f1xx_hal_i2c.o
 .debug_abbrev  0x00000000000019ad      0x2a8 ./Drivers/STM32F1xx_HAL_Driver/Src/stm32f1xx_hal_rcc.o
 .debug_abbrev  0x0000000000001c55      0x25d ./Drivers/STM32F1xx_HAL_Driver/Src/stm32f1xx_hal_tim.o
 .debug_abbrev  0x0000000000001eb2      0x265 ./Drivers/STM32F1xx_HAL_Driver/Src/stm32f1xx_hal_tim_ex.o

.debug_aranges  0x0000000000000000      0xe00
 .debug_aranges
                0x0000000000000000       0x30 ./Core/Src/DHT11.o
 .debug_aranges
                0x0000000000000030       0x70 ./Core/Src/DrowingLCD.o
 .debug_aranges
                0x00000000000000a0       0x40 ./Core/Src/EventClicks.o
 .debug_aranges
                0x00000000000000e0       0x20 ./Core/Src/fonts.o
 .debug_aranges
                0x0000000000000100       0x50 ./Core/Src/main.o
 .debug_aranges
                0x0000000000000150       0xf8 ./Core/Src/ssd1306.o
 .debug_aranges
                0x0000000000000248       0x40 ./Core/Src/stm32f1xx_hal_msp.o
 .debug_aranges
                0x0000000000000288       0x68 ./Core/Src/stm32f1xx_it.o
 .debug_aranges
                0x00000000000002f0       0x20 ./Core/Src/sysmem.o
 .debug_aranges
                0x0000000000000310       0x28 ./Core/Src/system_stm32f1xx.o
 .debug_aranges
                0x0000000000000338       0x28 ./Core/Startup/startup_stm32f103c8tx.o
 .debug_aranges
                0x0000000000000360       0xe0 ./Drivers/STM32F1xx_HAL_Driver/Src/stm32f1xx_hal.o
 .debug_aranges
                0x0000000000000440      0x100 ./Drivers/STM32F1xx_HAL_Driver/Src/stm32f1xx_hal_cortex.o
 .debug_aranges
                0x0000000000000540       0x58 ./Drivers/STM32F1xx_HAL_Driver/Src/stm32f1xx_hal_gpio.o
 .debug_aranges
                0x0000000000000598      0x2a0 ./Drivers/STM32F1xx_HAL_Driver/Src/stm32f1xx_hal_i2c.o
 .debug_aranges
                0x0000000000000838       0x90 ./Drivers/STM32F1xx_HAL_Driver/Src/stm32f1xx_hal_rcc.o
 .debug_aranges
                0x00000000000008c8      0x3d0 ./Drivers/STM32F1xx_HAL_Driver/Src/stm32f1xx_hal_tim.o
 .debug_aranges
                0x0000000000000c98      0x168 ./Drivers/STM32F1xx_HAL_Driver/Src/stm32f1xx_hal_tim_ex.o

.debug_ranges   0x0000000000000000      0xd10
 .debug_ranges  0x0000000000000000       0x20 ./Core/Src/DHT11.o
 .debug_ranges  0x0000000000000020       0x60 ./Core/Src/DrowingLCD.o
 .debug_ranges  0x0000000000000080       0x30 ./Core/Src/EventClicks.o
 .debug_ranges  0x00000000000000b0       0x10 ./Core/Src/fonts.o
 .debug_ranges  0x00000000000000c0       0x40 ./Core/Src/main.o
 .debug_ranges  0x0000000000000100       0xe8 ./Core/Src/ssd1306.o
 .debug_ranges  0x00000000000001e8       0x30 ./Core/Src/stm32f1xx_hal_msp.o
 .debug_ranges  0x0000000000000218       0x58 ./Core/Src/stm32f1xx_it.o
 .debug_ranges  0x0000000000000270       0x10 ./Core/Src/sysmem.o
 .debug_ranges  0x0000000000000280       0x18 ./Core/Src/system_stm32f1xx.o
 .debug_ranges  0x0000000000000298       0x20 ./Core/Startup/startup_stm32f103c8tx.o
 .debug_ranges  0x00000000000002b8       0xd0 ./Drivers/STM32F1xx_HAL_Driver/Src/stm32f1xx_hal.o
 .debug_ranges  0x0000000000000388       0xf0 ./Drivers/STM32F1xx_HAL_Driver/Src/stm32f1xx_hal_cortex.o
 .debug_ranges  0x0000000000000478       0x48 ./Drivers/STM32F1xx_HAL_Driver/Src/stm32f1xx_hal_gpio.o
 .debug_ranges  0x00000000000004c0      0x2b8 ./Drivers/STM32F1xx_HAL_Driver/Src/stm32f1xx_hal_i2c.o
 .debug_ranges  0x0000000000000778       0x80 ./Drivers/STM32F1xx_HAL_Driver/Src/stm32f1xx_hal_rcc.o
 .debug_ranges  0x00000000000007f8      0x3c0 ./Drivers/STM32F1xx_HAL_Driver/Src/stm32f1xx_hal_tim.o
 .debug_ranges  0x0000000000000bb8      0x158 ./Drivers/STM32F1xx_HAL_Driver/Src/stm32f1xx_hal_tim_ex.o

.debug_macro    0x0000000000000000    0x18b13
 .debug_macro   0x0000000000000000      0x3b5 ./Core/Src/DHT11.o
 .debug_macro   0x00000000000003b5      0xa6c ./Core/Src/DHT11.o
 .debug_macro   0x0000000000000e21      0x21b ./Core/Src/DHT11.o
 .debug_macro   0x000000000000103c       0x2e ./Core/Src/DHT11.o
 .debug_macro   0x000000000000106a       0x22 ./Core/Src/DHT11.o
 .debug_macro   0x000000000000108c       0x22 ./Core/Src/DHT11.o
 .debug_macro   0x00000000000010ae       0x8e ./Core/Src/DHT11.o
 .debug_macro   0x000000000000113c       0x51 ./Core/Src/DHT11.o
 .debug_macro   0x000000000000118d      0x103 ./Core/Src/DHT11.o
 .debug_macro   0x0000000000001290       0x6a ./Core/Src/DHT11.o
 .debug_macro   0x00000000000012fa      0x1df ./Core/Src/DHT11.o
 .debug_macro   0x00000000000014d9       0x1c ./Core/Src/DHT11.o
 .debug_macro   0x00000000000014f5       0x22 ./Core/Src/DHT11.o
 .debug_macro   0x0000000000001517       0xbd ./Core/Src/DHT11.o
 .debug_macro   0x00000000000015d4      0xd23 ./Core/Src/DHT11.o
 .debug_macro   0x00000000000022f7     0xe09e ./Core/Src/DHT11.o
 .debug_macro   0x0000000000010395       0x6d ./Core/Src/DHT11.o
 .debug_macro   0x0000000000010402     0x3468 ./Core/Src/DHT11.o
 .debug_macro   0x000000000001386a      0x174 ./Core/Src/DHT11.o
 .debug_macro   0x00000000000139de       0x5c ./Core/Src/DHT11.o
 .debug_macro   0x0000000000013a3a      0x5be ./Core/Src/DHT11.o
 .debug_macro   0x0000000000013ff8      0x289 ./Core/Src/DHT11.o
 .debug_macro   0x0000000000014281      0x1cb ./Core/Src/DHT11.o
 .debug_macro   0x000000000001444c      0x114 ./Core/Src/DHT11.o
 .debug_macro   0x0000000000014560      0x1b2 ./Core/Src/DHT11.o
 .debug_macro   0x0000000000014712       0x27 ./Core/Src/DHT11.o
 .debug_macro   0x0000000000014739      0x136 ./Core/Src/DHT11.o
 .debug_macro   0x000000000001486f      0x1bc ./Core/Src/DHT11.o
 .debug_macro   0x0000000000014a2b       0x34 ./Core/Src/DHT11.o
 .debug_macro   0x0000000000014a5f       0x3c ./Core/Src/DHT11.o
 .debug_macro   0x0000000000014a9b       0x57 ./Core/Src/DHT11.o
 .debug_macro   0x0000000000014af2       0x88 ./Core/Src/DHT11.o
 .debug_macro   0x0000000000014b7a      0x241 ./Core/Src/DHT11.o
 .debug_macro   0x0000000000014dbb      0x287 ./Core/Src/DHT11.o
 .debug_macro   0x0000000000015042      0x141 ./Core/Src/DHT11.o
 .debug_macro   0x0000000000015183      0x8d1 ./Core/Src/DHT11.o
 .debug_macro   0x0000000000015a54       0x83 ./Core/Src/DHT11.o
 .debug_macro   0x0000000000015ad7       0x52 ./Core/Src/DHT11.o
 .debug_macro   0x0000000000015b29       0x18 ./Core/Src/DHT11.o
 .debug_macro   0x0000000000015b41       0x3c ./Core/Src/DHT11.o
 .debug_macro   0x0000000000015b7d       0x34 ./Core/Src/DHT11.o
 .debug_macro   0x0000000000015bb1       0x16 ./Core/Src/DHT11.o
 .debug_macro   0x0000000000015bc7       0x43 ./Core/Src/DHT11.o
 .debug_macro   0x0000000000015c0a       0x34 ./Core/Src/DHT11.o
 .debug_macro   0x0000000000015c3e       0x10 ./Core/Src/DHT11.o
 .debug_macro   0x0000000000015c4e       0x58 ./Core/Src/DHT11.o
 .debug_macro   0x0000000000015ca6       0x71 ./Core/Src/DHT11.o
 .debug_macro   0x0000000000015d17       0x1c ./Core/Src/DHT11.o
 .debug_macro   0x0000000000015d33      0x12a ./Core/Src/DHT11.o
 .debug_macro   0x0000000000015e5d      0x341 ./Core/Src/DHT11.o
 .debug_macro   0x000000000001619e       0x10 ./Core/Src/DHT11.o
 .debug_macro   0x00000000000161ae       0x35 ./Core/Src/DHT11.o
 .debug_macro   0x00000000000161e3       0x20 ./Core/Src/DHT11.o
 .debug_macro   0x0000000000016203       0x16 ./Core/Src/DHT11.o
 .debug_macro   0x0000000000016219       0x16 ./Core/Src/DHT11.o
 .debug_macro   0x000000000001622f       0x29 ./Core/Src/DHT11.o
 .debug_macro   0x0000000000016258       0x1d ./Core/Src/DHT11.o
 .debug_macro   0x0000000000016275       0x1c ./Core/Src/DHT11.o
 .debug_macro   0x0000000000016291       0x10 ./Core/Src/DHT11.o
 .debug_macro   0x00000000000162a1       0x10 ./Core/Src/DHT11.o
 .debug_macro   0x00000000000162b1       0x1c ./Core/Src/DHT11.o
 .debug_macro   0x00000000000162cd       0x52 ./Core/Src/DHT11.o
 .debug_macro   0x000000000001631f       0x22 ./Core/Src/DHT11.o
 .debug_macro   0x0000000000016341       0x10 ./Core/Src/DHT11.o
 .debug_macro   0x0000000000016351       0x52 ./Core/Src/DHT11.o
 .debug_macro   0x00000000000163a3       0xd5 ./Core/Src/DHT11.o
 .debug_macro   0x0000000000016478       0x1c ./Core/Src/DHT11.o
 .debug_macro   0x0000000000016494       0x3d ./Core/Src/DHT11.o
 .debug_macro   0x00000000000164d1       0x16 ./Core/Src/DHT11.o
 .debug_macro   0x00000000000164e7      0x145 ./Core/Src/DHT11.o
 .debug_macro   0x000000000001662c      0x3a1 ./Core/Src/DrowingLCD.o
 .debug_macro   0x00000000000169cd      0x391 ./Core/Src/EventClicks.o
 .debug_macro   0x0000000000016d5e      0x27b ./Core/Src/fonts.o
 .debug_macro   0x0000000000016fd9      0x395 ./Core/Src/main.o
 .debug_macro   0x000000000001736e      0x306 ./Core/Src/ssd1306.o
 .debug_macro   0x0000000000017674      0x1ad ./Core/Src/stm32f1xx_hal_msp.o
 .debug_macro   0x0000000000017821      0x1b7 ./Core/Src/stm32f1xx_it.o
 .debug_macro   0x00000000000179d8       0xff ./Core/Src/sysmem.o
 .debug_macro   0x0000000000017ad7      0x23b ./Core/Src/sysmem.o
 .debug_macro   0x0000000000017d12      0x1a3 ./Core/Src/system_stm32f1xx.o
 .debug_macro   0x0000000000017eb5      0x1c7 ./Drivers/STM32F1xx_HAL_Driver/Src/stm32f1xx_hal.o
 .debug_macro   0x000000000001807c      0x1a3 ./Drivers/STM32F1xx_HAL_Driver/Src/stm32f1xx_hal_cortex.o
 .debug_macro   0x000000000001821f      0x20e ./Drivers/STM32F1xx_HAL_Driver/Src/stm32f1xx_hal_gpio.o
 .debug_macro   0x000000000001842d      0x1ea ./Drivers/STM32F1xx_HAL_Driver/Src/stm32f1xx_hal_i2c.o
 .debug_macro   0x0000000000018617      0x1b5 ./Drivers/STM32F1xx_HAL_Driver/Src/stm32f1xx_hal_rcc.o
 .debug_macro   0x00000000000187cc      0x1a4 ./Drivers/STM32F1xx_HAL_Driver/Src/stm32f1xx_hal_tim.o
 .debug_macro   0x0000000000018970      0x1a3 ./Drivers/STM32F1xx_HAL_Driver/Src/stm32f1xx_hal_tim_ex.o

.debug_line     0x0000000000000000    0x10cb0
 .debug_line    0x0000000000000000      0xa52 ./Core/Src/DHT11.o
 .debug_line    0x0000000000000a52      0xb43 ./Core/Src/DrowingLCD.o
 .debug_line    0x0000000000001595      0x9dc ./Core/Src/EventClicks.o
 .debug_line    0x0000000000001f71      0x7d4 ./Core/Src/fonts.o
 .debug_line    0x0000000000002745      0xafa ./Core/Src/main.o
 .debug_line    0x000000000000323f      0xfaa ./Core/Src/ssd1306.o
 .debug_line    0x00000000000041e9      0x702 ./Core/Src/stm32f1xx_hal_msp.o
 .debug_line    0x00000000000048eb      0x74c ./Core/Src/stm32f1xx_it.o
 .debug_line    0x0000000000005037      0x4ea ./Core/Src/sysmem.o
 .debug_line    0x0000000000005521      0x6ef ./Core/Src/system_stm32f1xx.o
 .debug_line    0x0000000000005c10       0x87 ./Core/Startup/startup_stm32f103c8tx.o
 .debug_line    0x0000000000005c97      0x91c ./Drivers/STM32F1xx_HAL_Driver/Src/stm32f1xx_hal.o
 .debug_line    0x00000000000065b3      0xb04 ./Drivers/STM32F1xx_HAL_Driver/Src/stm32f1xx_hal_cortex.o
 .debug_line    0x00000000000070b7      0x9b3 ./Drivers/STM32F1xx_HAL_Driver/Src/stm32f1xx_hal_gpio.o
 .debug_line    0x0000000000007a6a     0x3a06 ./Drivers/STM32F1xx_HAL_Driver/Src/stm32f1xx_hal_i2c.o
 .debug_line    0x000000000000b470      0xd2a ./Drivers/STM32F1xx_HAL_Driver/Src/stm32f1xx_hal_rcc.o
 .debug_line    0x000000000000c19a     0x32d2 ./Drivers/STM32F1xx_HAL_Driver/Src/stm32f1xx_hal_tim.o
 .debug_line    0x000000000000f46c     0x1844 ./Drivers/STM32F1xx_HAL_Driver/Src/stm32f1xx_hal_tim_ex.o

.debug_str      0x0000000000000000    0x8b080
 .debug_str     0x0000000000000000    0x86c67 ./Core/Src/DHT11.o
                                      0x86fc4 (size before relaxing)
 .debug_str     0x0000000000086c67      0x1c2 ./Core/Src/DrowingLCD.o
                                      0x87096 (size before relaxing)
 .debug_str     0x0000000000086e29       0x97 ./Core/Src/EventClicks.o
                                      0x86f0a (size before relaxing)
 .debug_str     0x0000000000086ec0       0x6f ./Core/Src/fonts.o
                                      0x85e10 (size before relaxing)
 .debug_str     0x0000000000086f2f      0xc8c ./Core/Src/main.o
                                      0x87d02 (size before relaxing)
 .debug_str     0x0000000000087bbb      0x4df ./Core/Src/ssd1306.o
                                      0x868dd (size before relaxing)
 .debug_str     0x000000000008809a       0xc7 ./Core/Src/stm32f1xx_hal_msp.o
                                      0x837d8 (size before relaxing)
 .debug_str     0x0000000000088161       0xf7 ./Core/Src/stm32f1xx_it.o
                                      0x83018 (size before relaxing)
 .debug_str     0x0000000000088258      0x4da ./Core/Src/sysmem.o
                                       0x5d59 (size before relaxing)
 .debug_str     0x0000000000088732       0x7e ./Core/Src/system_stm32f1xx.o
                                      0x82fec (size before relaxing)
 .debug_str     0x00000000000887b0       0x36 ./Core/Startup/startup_stm32f103c8tx.o
                                         0x73 (size before relaxing)
 .debug_str     0x00000000000887e6      0x378 ./Drivers/STM32F1xx_HAL_Driver/Src/stm32f1xx_hal.o
                                      0x8371f (size before relaxing)
 .debug_str     0x0000000000088b5e      0x2a8 ./Drivers/STM32F1xx_HAL_Driver/Src/stm32f1xx_hal_cortex.o
                                      0x8366b (size before relaxing)
 .debug_str     0x0000000000088e06      0x2a9 ./Drivers/STM32F1xx_HAL_Driver/Src/stm32f1xx_hal_gpio.o
                                      0x83372 (size before relaxing)
 .debug_str     0x00000000000890af      0xb54 ./Drivers/STM32F1xx_HAL_Driver/Src/stm32f1xx_hal_i2c.o
                                      0x84060 (size before relaxing)
 .debug_str     0x0000000000089c03      0x209 ./Drivers/STM32F1xx_HAL_Driver/Src/stm32f1xx_hal_rcc.o
                                      0x8341b (size before relaxing)
 .debug_str     0x0000000000089e0c      0xde1 ./Drivers/STM32F1xx_HAL_Driver/Src/stm32f1xx_hal_tim.o
                                      0x84406 (size before relaxing)
 .debug_str     0x000000000008abed      0x493 ./Drivers/STM32F1xx_HAL_Driver/Src/stm32f1xx_hal_tim_ex.o
                                      0x83c22 (size before relaxing)

.comment        0x0000000000000000       0x50
 .comment       0x0000000000000000       0x50 ./Core/Src/DHT11.o
                                         0x51 (size before relaxing)
 .comment       0x0000000000000050       0x51 ./Core/Src/DrowingLCD.o
 .comment       0x0000000000000050       0x51 ./Core/Src/EventClicks.o
 .comment       0x0000000000000050       0x51 ./Core/Src/fonts.o
 .comment       0x0000000000000050       0x51 ./Core/Src/main.o
 .comment       0x0000000000000050       0x51 ./Core/Src/ssd1306.o
 .comment       0x0000000000000050       0x51 ./Core/Src/stm32f1xx_hal_msp.o
 .comment       0x0000000000000050       0x51 ./Core/Src/stm32f1xx_it.o
 .comment       0x0000000000000050       0x51 ./Core/Src/sysmem.o
 .comment       0x0000000000000050       0x51 ./Core/Src/system_stm32f1xx.o
 .comment       0x0000000000000050       0x51 ./Drivers/STM32F1xx_HAL_Driver/Src/stm32f1xx_hal.o
 .comment       0x0000000000000050       0x51 ./Drivers/STM32F1xx_HAL_Driver/Src/stm32f1xx_hal_cortex.o
 .comment       0x0000000000000050       0x51 ./Drivers/STM32F1xx_HAL_Driver/Src/stm32f1xx_hal_gpio.o
 .comment       0x0000000000000050       0x51 ./Drivers/STM32F1xx_HAL_Driver/Src/stm32f1xx_hal_i2c.o
 .comment       0x0000000000000050       0x51 ./Drivers/STM32F1xx_HAL_Driver/Src/stm32f1xx_hal_rcc.o
 .comment       0x0000000000000050       0x51 ./Drivers/STM32F1xx_HAL_Driver/Src/stm32f1xx_hal_tim.o
 .comment       0x0000000000000050       0x51 ./Drivers/STM32F1xx_HAL_Driver/Src/stm32f1xx_hal_tim_ex.o

.debug_frame    0x0000000000000000     0x3ffc
 .debug_frame   0x0000000000000000       0x80 ./Core/Src/DHT11.o
 .debug_frame   0x0000000000000080      0x19c ./Core/Src/DrowingLCD.o
 .debug_frame   0x000000000000021c       0xc8 ./Core/Src/EventClicks.o
 .debug_frame   0x00000000000002e4       0x38 ./Core/Src/fonts.o
 .debug_frame   0x000000000000031c       0xf8 ./Core/Src/main.o
 .debug_frame   0x0000000000000414      0x414 ./Core/Src/ssd1306.o
 .debug_frame   0x0000000000000828       0xc8 ./Core/Src/stm32f1xx_hal_msp.o
 .debug_frame   0x00000000000008f0      0x120 ./Core/Src/stm32f1xx_it.o
 .debug_frame   0x0000000000000a10       0x34 ./Core/Src/sysmem.o
 .debug_frame   0x0000000000000a44       0x58 ./Core/Src/system_stm32f1xx.o
 .debug_frame   0x0000000000000a9c      0x334 ./Drivers/STM32F1xx_HAL_Driver/Src/stm32f1xx_hal.o
 .debug_frame   0x0000000000000dd0      0x428 ./Drivers/STM32F1xx_HAL_Driver/Src/stm32f1xx_hal_cortex.o
 .debug_frame   0x00000000000011f8      0x14c ./Drivers/STM32F1xx_HAL_Driver/Src/stm32f1xx_hal_gpio.o
 .debug_frame   0x0000000000001344      0xc5c ./Drivers/STM32F1xx_HAL_Driver/Src/stm32f1xx_hal_i2c.o
 .debug_frame   0x0000000000001fa0      0x21c ./Drivers/STM32F1xx_HAL_Driver/Src/stm32f1xx_hal_rcc.o
 .debug_frame   0x00000000000021bc     0x11b8 ./Drivers/STM32F1xx_HAL_Driver/Src/stm32f1xx_hal_tim.o
 .debug_frame   0x0000000000003374      0x638 ./Drivers/STM32F1xx_HAL_Driver/Src/stm32f1xx_hal_tim_ex.o
 .debug_frame   0x00000000000039ac       0x20 c:/st/stm32cubeide_1.10.1/stm32cubeide/plugins/com.st.stm32cube.ide.mcu.externaltools.gnu-tools-for-stm32.10.3-2021.10.win32_1.0.0.202111181127/tools/bin/../lib/gcc/arm-none-eabi/10.3.1/../../../../arm-none-eabi/lib/thumb/v7-m/nofp\libc_nano.a(lib_a-errno.o)
 .debug_frame   0x00000000000039cc       0x2c c:/st/stm32cubeide_1.10.1/stm32cubeide/plugins/com.st.stm32cube.ide.mcu.externaltools.gnu-tools-for-stm32.10.3-2021.10.win32_1.0.0.202111181127/tools/bin/../lib/gcc/arm-none-eabi/10.3.1/../../../../arm-none-eabi/lib/thumb/v7-m/nofp\libc_nano.a(lib_a-init.o)
 .debug_frame   0x00000000000039f8       0x20 c:/st/stm32cubeide_1.10.1/stm32cubeide/plugins/com.st.stm32cube.ide.mcu.externaltools.gnu-tools-for-stm32.10.3-2021.10.win32_1.0.0.202111181127/tools/bin/../lib/gcc/arm-none-eabi/10.3.1/../../../../arm-none-eabi/lib/thumb/v7-m/nofp\libc_nano.a(lib_a-memset.o)
 .debug_frame   0x0000000000003a18       0x6c c:/st/stm32cubeide_1.10.1/stm32cubeide/plugins/com.st.stm32cube.ide.mcu.externaltools.gnu-tools-for-stm32.10.3-2021.10.win32_1.0.0.202111181127/tools/bin/../lib/gcc/arm-none-eabi/10.3.1/../../../../arm-none-eabi/lib/thumb/v7-m/nofp\libc_nano.a(lib_a-sprintf.o)
 .debug_frame   0x0000000000003a84       0x90 c:/st/stm32cubeide_1.10.1/stm32cubeide/plugins/com.st.stm32cube.ide.mcu.externaltools.gnu-tools-for-stm32.10.3-2021.10.win32_1.0.0.202111181127/tools/bin/../lib/gcc/arm-none-eabi/10.3.1/../../../../arm-none-eabi/lib/thumb/v7-m/nofp\libc_nano.a(lib_a-nano-svfprintf.o)
 .debug_frame   0x0000000000003b14       0x60 c:/st/stm32cubeide_1.10.1/stm32cubeide/plugins/com.st.stm32cube.ide.mcu.externaltools.gnu-tools-for-stm32.10.3-2021.10.win32_1.0.0.202111181127/tools/bin/../lib/gcc/arm-none-eabi/10.3.1/../../../../arm-none-eabi/lib/thumb/v7-m/nofp\libc_nano.a(lib_a-nano-vfprintf_i.o)
 .debug_frame   0x0000000000003b74       0x28 c:/st/stm32cubeide_1.10.1/stm32cubeide/plugins/com.st.stm32cube.ide.mcu.externaltools.gnu-tools-for-stm32.10.3-2021.10.win32_1.0.0.202111181127/tools/bin/../lib/gcc/arm-none-eabi/10.3.1/../../../../arm-none-eabi/lib/thumb/v7-m/nofp\libc_nano.a(lib_a-memchr-stub.o)
 .debug_frame   0x0000000000003b9c       0x28 c:/st/stm32cubeide_1.10.1/stm32cubeide/plugins/com.st.stm32cube.ide.mcu.externaltools.gnu-tools-for-stm32.10.3-2021.10.win32_1.0.0.202111181127/tools/bin/../lib/gcc/arm-none-eabi/10.3.1/../../../../arm-none-eabi/lib/thumb/v7-m/nofp\libc_nano.a(lib_a-memcpy-stub.o)
 .debug_frame   0x0000000000003bc4       0x28 c:/st/stm32cubeide_1.10.1/stm32cubeide/plugins/com.st.stm32cube.ide.mcu.externaltools.gnu-tools-for-stm32.10.3-2021.10.win32_1.0.0.202111181127/tools/bin/../lib/gcc/arm-none-eabi/10.3.1/../../../../arm-none-eabi/lib/thumb/v7-m/nofp\libc_nano.a(lib_a-memmove.o)
 .debug_frame   0x0000000000003bec       0x38 c:/st/stm32cubeide_1.10.1/stm32cubeide/plugins/com.st.stm32cube.ide.mcu.externaltools.gnu-tools-for-stm32.10.3-2021.10.win32_1.0.0.202111181127/tools/bin/../lib/gcc/arm-none-eabi/10.3.1/../../../../arm-none-eabi/lib/thumb/v7-m/nofp\libc_nano.a(lib_a-nano-freer.o)
 .debug_frame   0x0000000000003c24       0x4c c:/st/stm32cubeide_1.10.1/stm32cubeide/plugins/com.st.stm32cube.ide.mcu.externaltools.gnu-tools-for-stm32.10.3-2021.10.win32_1.0.0.202111181127/tools/bin/../lib/gcc/arm-none-eabi/10.3.1/../../../../arm-none-eabi/lib/thumb/v7-m/nofp\libc_nano.a(lib_a-nano-mallocr.o)
 .debug_frame   0x0000000000003c70       0x3c c:/st/stm32cubeide_1.10.1/stm32cubeide/plugins/com.st.stm32cube.ide.mcu.externaltools.gnu-tools-for-stm32.10.3-2021.10.win32_1.0.0.202111181127/tools/bin/../lib/gcc/arm-none-eabi/10.3.1/../../../../arm-none-eabi/lib/thumb/v7-m/nofp\libc_nano.a(lib_a-nano-reallocr.o)
 .debug_frame   0x0000000000003cac       0x2c c:/st/stm32cubeide_1.10.1/stm32cubeide/plugins/com.st.stm32cube.ide.mcu.externaltools.gnu-tools-for-stm32.10.3-2021.10.win32_1.0.0.202111181127/tools/bin/../lib/gcc/arm-none-eabi/10.3.1/../../../../arm-none-eabi/lib/thumb/v7-m/nofp\libc_nano.a(lib_a-sbrkr.o)
 .debug_frame   0x0000000000003cd8       0x30 c:/st/stm32cubeide_1.10.1/stm32cubeide/plugins/com.st.stm32cube.ide.mcu.externaltools.gnu-tools-for-stm32.10.3-2021.10.win32_1.0.0.202111181127/tools/bin/../lib/gcc/arm-none-eabi/10.3.1/../../../../arm-none-eabi/lib/thumb/v7-m/nofp\libc_nano.a(lib_a-mlock.o)
 .debug_frame   0x0000000000003d08       0x20 c:/st/stm32cubeide_1.10.1/stm32cubeide/plugins/com.st.stm32cube.ide.mcu.externaltools.gnu-tools-for-stm32.10.3-2021.10.win32_1.0.0.202111181127/tools/bin/../lib/gcc/arm-none-eabi/10.3.1/../../../../arm-none-eabi/lib/thumb/v7-m/nofp\libc_nano.a(lib_a-nano-msizer.o)
 .debug_frame   0x0000000000003d28       0x5c c:/st/stm32cubeide_1.10.1/stm32cubeide/plugins/com.st.stm32cube.ide.mcu.externaltools.gnu-tools-for-stm32.10.3-2021.10.win32_1.0.0.202111181127/tools/bin/../lib/gcc/arm-none-eabi/10.3.1/../../../../arm-none-eabi/lib/thumb/v7-m/nofp\libc_nano.a(lib_a-reent.o)
 .debug_frame   0x0000000000003d84       0xb0 c:/st/stm32cubeide_1.10.1/stm32cubeide/plugins/com.st.stm32cube.ide.mcu.externaltools.gnu-tools-for-stm32.10.3-2021.10.win32_1.0.0.202111181127/tools/bin/../lib/gcc/arm-none-eabi/10.3.1/../../../../arm-none-eabi/lib/thumb/v7-m/nofp\libc_nano.a(lib_a-lock.o)
 .debug_frame   0x0000000000003e34       0xac c:/st/stm32cubeide_1.10.1/stm32cubeide/plugins/com.st.stm32cube.ide.mcu.externaltools.gnu-tools-for-stm32.10.3-2021.10.win32_1.0.0.202111181127/tools/bin/../lib/gcc/arm-none-eabi/10.3.1/thumb/v7-m/nofp\libgcc.a(_arm_addsubdf3.o)
 .debug_frame   0x0000000000003ee0       0x50 c:/st/stm32cubeide_1.10.1/stm32cubeide/plugins/com.st.stm32cube.ide.mcu.externaltools.gnu-tools-for-stm32.10.3-2021.10.win32_1.0.0.202111181127/tools/bin/../lib/gcc/arm-none-eabi/10.3.1/thumb/v7-m/nofp\libgcc.a(_arm_muldivdf3.o)
 .debug_frame   0x0000000000003f30       0x24 c:/st/stm32cubeide_1.10.1/stm32cubeide/plugins/com.st.stm32cube.ide.mcu.externaltools.gnu-tools-for-stm32.10.3-2021.10.win32_1.0.0.202111181127/tools/bin/../lib/gcc/arm-none-eabi/10.3.1/thumb/v7-m/nofp\libgcc.a(_arm_truncdfsf2.o)
 .debug_frame   0x0000000000003f54       0x4c c:/st/stm32cubeide_1.10.1/stm32cubeide/plugins/com.st.stm32cube.ide.mcu.externaltools.gnu-tools-for-stm32.10.3-2021.10.win32_1.0.0.202111181127/tools/bin/../lib/gcc/arm-none-eabi/10.3.1/thumb/v7-m/nofp\libgcc.a(_arm_addsubsf3.o)
 .debug_frame   0x0000000000003fa0       0x38 c:/st/stm32cubeide_1.10.1/stm32cubeide/plugins/com.st.stm32cube.ide.mcu.externaltools.gnu-tools-for-stm32.10.3-2021.10.win32_1.0.0.202111181127/tools/bin/../lib/gcc/arm-none-eabi/10.3.1/thumb/v7-m/nofp\libgcc.a(_arm_muldivsf3.o)
 .debug_frame   0x0000000000003fd8       0x24 c:/st/stm32cubeide_1.10.1/stm32cubeide/plugins/com.st.stm32cube.ide.mcu.externaltools.gnu-tools-for-stm32.10.3-2021.10.win32_1.0.0.202111181127/tools/bin/../lib/gcc/arm-none-eabi/10.3.1/thumb/v7-m/nofp\libgcc.a(_arm_fixunssfsi.o)
